Archive member included to satisfy reference by file (symbol)

/mnt/c/esp/sensor/laser_emitter/build/app_update/libapp_update.a(esp_app_desc.o)
                              (esp_app_desc)
/mnt/c/esp/sensor/laser_emitter/build/cxx/libcxx.a(cxx_guards.o)
                              (__cxa_guard_dummy)
/mnt/c/esp/sensor/laser_emitter/build/cxx/libcxx.a(cxx_exception_stubs.o)
                              (__cxx_fatal_exception)
/mnt/c/esp/sensor/laser_emitter/build/esp32/libesp32.a(panic.o)
                              /mnt/c/esp/sensor/laser_emitter/build/cxx/libcxx.a(cxx_guards.o) (abort)
/mnt/c/esp/sensor/laser_emitter/build/esp32/libesp32.a(cpu_start.o)
                              (call_start_cpu0)
/mnt/c/esp/sensor/laser_emitter/build/esp32/libesp32.a(crosscore_int.o)
                              /mnt/c/esp/sensor/laser_emitter/build/esp32/libesp32.a(cpu_start.o) (esp_crosscore_int_init)
/mnt/c/esp/sensor/laser_emitter/build/esp32/libesp32.a(clk.o)
                              /mnt/c/esp/sensor/laser_emitter/build/esp32/libesp32.a(cpu_start.o) (esp_clk_init)
/mnt/c/esp/sensor/laser_emitter/build/esp32/libesp32.a(cache_err_int.o)
                              /mnt/c/esp/sensor/laser_emitter/build/esp32/libesp32.a(cpu_start.o) (esp_cache_err_int_init)
/mnt/c/esp/sensor/laser_emitter/build/esp32/libesp32.a(intr_alloc.o)
                              /mnt/c/esp/sensor/laser_emitter/build/esp32/libesp32.a(crosscore_int.o) (esp_intr_alloc)
/mnt/c/esp/sensor/laser_emitter/build/esp32/libesp32.a(esp_err_to_name.o)
                              /mnt/c/esp/sensor/laser_emitter/build/esp32/libesp32.a(panic.o) (esp_err_to_name)
/mnt/c/esp/sensor/laser_emitter/build/esp32/libesp32.a(esp_timer.o)
                              /mnt/c/esp/sensor/laser_emitter/build/esp32/libesp32.a(cpu_start.o) (esp_timer_init)
/mnt/c/esp/sensor/laser_emitter/build/esp32/libesp32.a(dport_access.o)
                              /mnt/c/esp/sensor/laser_emitter/build/esp32/libesp32.a(cpu_start.o) (esp_dport_access_stall_other_cpu_start)
/mnt/c/esp/sensor/laser_emitter/build/esp32/libesp32.a(system_api.o)
                              /mnt/c/esp/sensor/laser_emitter/build/esp32/libesp32.a(panic.o) (esp_restart_noos)
/mnt/c/esp/sensor/laser_emitter/build/esp32/libesp32.a(brownout.o)
                              /mnt/c/esp/sensor/laser_emitter/build/esp32/libesp32.a(cpu_start.o) (esp_brownout_init)
/mnt/c/esp/sensor/laser_emitter/build/esp32/libesp32.a(int_wdt.o)
                              /mnt/c/esp/sensor/laser_emitter/build/esp32/libesp32.a(cpu_start.o) (esp_int_wdt_init)
/mnt/c/esp/sensor/laser_emitter/build/esp32/libesp32.a(dport_panic_highint_hdl.o)
                              (ld_include_panic_highint_hdl)
/mnt/c/esp/sensor/laser_emitter/build/esp32/libesp32.a(task_wdt.o)
                              /mnt/c/esp/sensor/laser_emitter/build/esp32/libesp32.a(cpu_start.o) (esp_task_wdt_init)
/mnt/c/esp/sensor/laser_emitter/build/esp32/libesp32.a(dbg_stubs.o)
                              /mnt/c/esp/sensor/laser_emitter/build/esp32/libesp32.a(cpu_start.o) (esp_dbg_stubs_init)
/mnt/c/esp/sensor/laser_emitter/build/esp32/libesp32.a(esp_timer_esp32.o)
                              /mnt/c/esp/sensor/laser_emitter/build/esp32/libesp32.a(esp_timer.o) (esp_timer_impl_get_time)
/mnt/c/esp/sensor/laser_emitter/build/esp32/libesp32.a(freertos_hooks.o)
                              /mnt/c/esp/sensor/laser_emitter/build/esp32/libesp32.a(task_wdt.o) (esp_register_freertos_idle_hook_for_cpu)
/mnt/c/esp/sensor/laser_emitter/build/esp32/libesp32.a(ipc.o)
                              /mnt/c/esp/sensor/laser_emitter/build/esp32/libesp32.a(intr_alloc.o) (esp_ipc_call_blocking)
/mnt/c/esp/sensor/laser_emitter/build/esp32/libesp32.a(pm_esp32.o)
                              /mnt/c/esp/sensor/laser_emitter/build/esp32/libesp32.a(freertos_hooks.o) (esp_pm_impl_waiti)
/mnt/c/esp/sensor/laser_emitter/build/esp32/libesp32.a(pm_locks.o)
                              /mnt/c/esp/sensor/laser_emitter/build/esp32/libesp32.a(pm_esp32.o) (esp_pm_lock_create)
/home/soosang/esp/esp-idf/components/esp32/libhal.a(int_asm--set_intclear.o)
                              /mnt/c/esp/sensor/laser_emitter/build/esp32/libesp32.a(intr_alloc.o) (xthal_set_intclear)
/mnt/c/esp/sensor/laser_emitter/build/freertos/libfreertos.a(xtensa_intr.o)
                              /mnt/c/esp/sensor/laser_emitter/build/esp32/libesp32.a(intr_alloc.o) (xt_unhandled_interrupt)
/mnt/c/esp/sensor/laser_emitter/build/freertos/libfreertos.a(queue.o)
                              /mnt/c/esp/sensor/laser_emitter/build/esp32/libesp32.a(ipc.o) (xQueueGenericCreate)
/mnt/c/esp/sensor/laser_emitter/build/freertos/libfreertos.a(list.o)
                              /mnt/c/esp/sensor/laser_emitter/build/freertos/libfreertos.a(queue.o) (vListInitialise)
/mnt/c/esp/sensor/laser_emitter/build/freertos/libfreertos.a(xtensa_init.o)
[...]
Memory Configuration

Name             Origin             Length             Attributes
iram0_0_seg      0x0000000040080000 0x0000000000020000 xr
iram0_2_seg      0x00000000400d0018 0x000000000032ffe8 xr
dram0_0_seg      0x000000003ffb0000 0x000000000002c200 rw
drom0_0_seg      0x000000003f400018 0x00000000003fffe8 r
rtc_iram_seg     0x00000000400c0000 0x0000000000002000 xrw
rtc_data_seg     0x000000003ff80000 0x0000000000002000 rw
rtc_slow_seg     0x0000000050000000 0x0000000000001000 rw
extern_ram_seg   0x000000003f800000 0x0000000000400000 xrw
*default*        0x0000000000000000 0xffffffffffffffff

Linker script and memory map

START GROUP
LOAD /mnt/c/esp/sensor/laser_emitter/build/app_trace/libapp_trace.a
LOAD /mnt/c/esp/sensor/laser_emitter/build/app_update/libapp_update.a
LOAD /mnt/c/esp/sensor/laser_emitter/build/asio/libasio.a
LOAD /mnt/c/esp/sensor/laser_emitter/build/bootloader_support/libbootloader_support.a
LOAD /mnt/c/esp/sensor/laser_emitter/build/bt/libbt.a
LOAD /mnt/c/esp/sensor/laser_emitter/build/coap/libcoap.a
LOAD /mnt/c/esp/sensor/laser_emitter/build/console/libconsole.a
LOAD /mnt/c/esp/sensor/laser_emitter/build/cxx/libcxx.a
LOAD /mnt/c/esp/sensor/laser_emitter/build/driver/libdriver.a
LOAD /mnt/c/esp/sensor/laser_emitter/build/esp-tls/libesp-tls.a
LOAD /mnt/c/esp/sensor/laser_emitter/build/esp32/libesp32.a
LOAD /home/soosang/esp/esp-idf/components/esp32/libhal.a
LOAD /home/soosang/esp/esp-idf/components/esp32/lib/libcore.a
LOAD /home/soosang/esp/esp-idf/components/esp32/lib/librtc.a
LOAD /home/soosang/esp/esp-idf/components/esp32/lib/libnet80211.a
LOAD /home/soosang/esp/esp-idf/components/esp32/lib/libpp.a
LOAD /home/soosang/esp/esp-idf/components/esp32/lib/libwpa.a
LOAD /home/soosang/esp/esp-idf/components/esp32/lib/libsmartconfig.a
LOAD /home/soosang/esp/esp-idf/components/esp32/lib/libcoexist.a
LOAD /home/soosang/esp/esp-idf/components/esp32/lib/libwps.a
LOAD /home/soosang/esp/esp-idf/components/esp32/lib/libwpa2.a
LOAD /home/soosang/esp/esp-idf/components/esp32/lib/libespnow.a
LOAD /home/soosang/esp/esp-idf/components/esp32/lib/libphy.a
LOAD /home/soosang/esp/esp-idf/components/esp32/lib/libmesh.a
LOAD /mnt/c/esp/sensor/laser_emitter/build/esp_adc_cal/libesp_adc_cal.a
LOAD /mnt/c/esp/sensor/laser_emitter/build/esp_event/libesp_event.a
LOAD /mnt/c/esp/sensor/laser_emitter/build/esp_http_client/libesp_http_client.a
LOAD /mnt/c/esp/sensor/laser_emitter/build/esp_http_server/libesp_http_server.a
LOAD /mnt/c/esp/sensor/laser_emitter/build/esp_https_ota/libesp_https_ota.a
LOAD /mnt/c/esp/sensor/laser_emitter/build/esp_https_server/libesp_https_server.a
LOAD /mnt/c/esp/sensor/laser_emitter/build/esp_ringbuf/libesp_ringbuf.a
LOAD /mnt/c/esp/sensor/laser_emitter/build/ethernet/libethernet.a
LOAD /mnt/c/esp/sensor/laser_emitter/build/expat/libexpat.a
LOAD /mnt/c/esp/sensor/laser_emitter/build/fatfs/libfatfs.a
LOAD /mnt/c/esp/sensor/laser_emitter/build/freemodbus/libfreemodbus.a
LOAD /mnt/c/esp/sensor/laser_emitter/build/freertos/libfreertos.a
LOAD /mnt/c/esp/sensor/laser_emitter/build/heap/libheap.a
LOAD /mnt/c/esp/sensor/laser_emitter/build/idf_test/libidf_test.a
LOAD /mnt/c/esp/sensor/laser_emitter/build/jsmn/libjsmn.a
LOAD /mnt/c/esp/sensor/laser_emitter/build/json/libjson.a
LOAD /mnt/c/esp/sensor/laser_emitter/build/libsodium/liblibsodium.a
LOAD /mnt/c/esp/sensor/laser_emitter/build/log/liblog.a
LOAD /mnt/c/esp/sensor/laser_emitter/build/lwip/liblwip.a
LOAD /mnt/c/esp/sensor/laser_emitter/build/main/libmain.a
LOAD /mnt/c/esp/sensor/laser_emitter/build/mbedtls/libmbedtls.a
LOAD /mnt/c/esp/sensor/laser_emitter/build/mdns/libmdns.a
LOAD /mnt/c/esp/sensor/laser_emitter/build/micro-ecc/libmicro-ecc.a
LOAD /mnt/c/esp/sensor/laser_emitter/build/mqtt/libmqtt.a
LOAD /home/soosang/esp/esp-idf/components/newlib/lib/libc.a
LOAD /home/soosang/esp/esp-idf/components/newlib/lib/libm.a
LOAD /mnt/c/esp/sensor/laser_emitter/build/newlib/libnewlib.a
LOAD /mnt/c/esp/sensor/laser_emitter/build/nghttp/libnghttp.a
LOAD /mnt/c/esp/sensor/laser_emitter/build/nvs_flash/libnvs_flash.a
LOAD /mnt/c/esp/sensor/laser_emitter/build/openssl/libopenssl.a
LOAD /mnt/c/esp/sensor/laser_emitter/build/protobuf-c/libprotobuf-c.a
LOAD /mnt/c/esp/sensor/laser_emitter/build/protocomm/libprotocomm.a
LOAD /mnt/c/esp/sensor/laser_emitter/build/pthread/libpthread.a
LOAD /mnt/c/esp/sensor/laser_emitter/build/sdmmc/libsdmmc.a
LOAD /mnt/c/esp/sensor/laser_emitter/build/smartconfig_ack/libsmartconfig_ack.a
LOAD /mnt/c/esp/sensor/laser_emitter/build/soc/libsoc.a
LOAD /mnt/c/esp/sensor/laser_emitter/build/spi_flash/libspi_flash.a
LOAD /mnt/c/esp/sensor/laser_emitter/build/spiffs/libspiffs.a
LOAD /mnt/c/esp/sensor/laser_emitter/build/tcp_transport/libtcp_transport.a
LOAD /mnt/c/esp/sensor/laser_emitter/build/tcpip_adapter/libtcpip_adapter.a
LOAD /mnt/c/esp/sensor/laser_emitter/build/ulp/libulp.a
LOAD /mnt/c/esp/sensor/laser_emitter/build/unity/libunity.a
LOAD /mnt/c/esp/sensor/laser_emitter/build/vfs/libvfs.a
LOAD /mnt/c/esp/sensor/laser_emitter/build/wear_levelling/libwear_levelling.a
LOAD /mnt/c/esp/sensor/laser_emitter/build/wifi_provisioning/libwifi_provisioning.a
LOAD /mnt/c/esp/sensor/laser_emitter/build/wpa_supplicant/libwpa_supplicant.a
LOAD /mnt/c/esp/sensor/laser_emitter/build/xtensa-debug-module/libxtensa-debug-module.a
LOAD /home/soosang/esp/xtensa-esp32-elf/bin/../lib/gcc/xtensa-esp32-elf/5.2.0/libgcc.a
LOAD /home/soosang/esp/xtensa-esp32-elf/bin/../lib/gcc/xtensa-esp32-elf/5.2.0/../../../../xtensa-esp32-elf/lib/libstdc++.a
LOAD /home/soosang/esp/xtensa-esp32-elf/bin/../lib/gcc/xtensa-esp32-elf/5.2.0/libgcov.a
END GROUP
                0x0000000040000000                _heap_end = 0x40000000
                0x000000003ff80000                _data_seg_org = ORIGIN (rtc_data_seg)

.rtc.text       0x00000000400c0000        0x0
                0x00000000400c0000                . = ALIGN (0x4)
 *(.rtc.literal .rtc.text .rtc.text.*)
 *rtc_wake_stub*.*(.literal .text .literal.* .text.*)
                0x00000000400c0000                _rtc_text_end = ABSOLUTE (.)

.rtc.dummy      0x000000003ff80000        0x0
                0x000000003ff80000                _rtc_dummy_start = ABSOLUTE (.)
                0x000000003ff80000                _rtc_fast_start = ABSOLUTE (.)
                0x0000000000000000                . = SIZEOF (.rtc.text)
                0x0000000000000000                _rtc_dummy_end = ABSOLUTE (.)

.rtc.force_fast
                0x000000003ff80000        0x0
                0x000000003ff80000                . = ALIGN (0x4)
                0x000000003ff80000                _rtc_force_fast_start = ABSOLUTE (.)
 *(.rtc.force_fast .rtc.force_fast.*)
                0x000000003ff80000                . = ALIGN (0x4)
                0x000000003ff80000                _rtc_force_fast_end = ABSOLUTE (.)

.rtc.data       0x0000000050000000        0x0
                0x0000000050000000                _rtc_data_start = ABSOLUTE (.)
 *(.rtc.data .rtc.data.* .rtc.rodata .rtc.rodata.*)
 *rtc_wake_stub*.*(.data .rodata .data.* .rodata.* .bss .bss.*)
                0x0000000050000000                _rtc_data_end = ABSOLUTE (.)

.rtc.bss        0x0000000050000000        0x0
                0x0000000050000000                _rtc_bss_start = ABSOLUTE (.)
 *rtc_wake_stub*.*(.bss .bss.*)
 *rtc_wake_stub*.*(COMMON)
 *(.rtc.bss)
                0x0000000050000000                _rtc_bss_end = ABSOLUTE (.)

.rtc_noinit     0x0000000050000000        0x0
                0x0000000050000000                . = ALIGN (0x4)
                0x0000000050000000                _rtc_noinit_start = ABSOLUTE (.)
 *(.rtc_noinit .rtc_noinit.*)
                0x0000000050000000                . = ALIGN (0x4)
                0x0000000050000000                _rtc_noinit_end = ABSOLUTE (.)

.rtc.force_slow
                0x0000000050000000        0x0
                0x0000000050000000                . = ALIGN (0x4)
                0x0000000050000000                _rtc_force_slow_start = ABSOLUTE (.)
 *(.rtc.force_slow .rtc.force_slow.*)
                0x0000000050000000                . = ALIGN (0x4)
                0x0000000050000000                _rtc_force_slow_end = ABSOLUTE (.)
                0x0000000000000000                _rtc_slow_length = (ORIGIN (rtc_slow_seg) == ORIGIN (rtc_data_location))?(_rtc_force_slow_end - _rtc_data_start):(_rtc_force_slow_end - _rtc_force_slow_start)
                0x0000000000000000                _rtc_fast_length = (ORIGIN (rtc_slow_seg) == ORIGIN (rtc_data_location))?(_rtc_force_fast_end - _rtc_fast_start):(_rtc_noinit_end - _rtc_fast_start)
                0x0000000000000001                ASSERT ((_rtc_slow_length <= 0x1000), RTC_SLOW segment data does not fit.)
                0x0000000000000001                ASSERT ((_rtc_fast_length <= 0x2000), RTC_FAST segment data does not fit.)

.iram0.vectors  0x0000000040080000      0x400
                0x0000000040080000                _iram_start = ABSOLUTE (.)
                0x0000000040080000                _init_start = ABSOLUTE (.)
                0x0000000000000000                . = 0x0
 *(.WindowVectors.text)
 .WindowVectors.text
                0x0000000040080000      0x16a /mnt/c/esp/sensor/laser_emitter/build/freertos/libfreertos.a(xtensa_vectors.o)
                0x0000000040080000                _WindowOverflow4
                0x0000000040080040                _WindowUnderflow4
                0x0000000040080050                _xt_alloca_exc
                0x0000000040080080                _WindowOverflow8
                0x00000000400800c0                _WindowUnderflow8
                0x0000000040080100                _WindowOverflow12
                0x0000000040080140                _WindowUnderflow12
                0x0000000000000180                . = 0x180
 *fill*         0x000000004008016a       0x16 
 *(.Level2InterruptVector.text)
 .Level2InterruptVector.text
                0x0000000040080180        0x6 /mnt/c/esp/sensor/laser_emitter/build/freertos/libfreertos.a(xtensa_vectors.o)
                0x0000000040080180                _Level2Vector
                0x00000000000001c0                . = 0x1c0
 *fill*         0x0000000040080186       0x3a 
 *(.Level3InterruptVector.text)
 .Level3InterruptVector.text
                0x00000000400801c0        0x6 /mnt/c/esp/sensor/laser_emitter/build/freertos/libfreertos.a(xtensa_vectors.o)
                0x00000000400801c0                _Level3Vector
                0x0000000000000200                . = 0x200
 *fill*         0x00000000400801c6       0x3a 
 *(.Level4InterruptVector.text)
 .Level4InterruptVector.text
                0x0000000040080200        0x6 /mnt/c/esp/sensor/laser_emitter/build/freertos/libfreertos.a(xtensa_vectors.o)
                0x0000000040080200                _Level4Vector
                0x0000000000000240                . = 0x240
 *fill*         0x0000000040080206       0x3a 
 *(.Level5InterruptVector.text)
 .Level5InterruptVector.text
                0x0000000040080240        0x6 /mnt/c/esp/sensor/laser_emitter/build/freertos/libfreertos.a(xtensa_vectors.o)
                0x0000000040080240                _Level5Vector
                0x0000000000000280                . = 0x280
 *fill*         0x0000000040080246       0x3a 
 *(.DebugExceptionVector.text)
 .DebugExceptionVector.text
                0x0000000040080280        0x6 /mnt/c/esp/sensor/laser_emitter/build/freertos/libfreertos.a(xtensa_vectors.o)
                0x0000000040080280                _DebugExceptionVector
                0x00000000000002c0                . = 0x2c0
 *fill*         0x0000000040080286       0x3a 
 *(.NMIExceptionVector.text)
 .NMIExceptionVector.text
                0x00000000400802c0        0x6 /mnt/c/esp/sensor/laser_emitter/build/freertos/libfreertos.a(xtensa_vectors.o)
                0x00000000400802c0                _NMIExceptionVector
                0x0000000000000300                . = 0x300
 *fill*         0x00000000400802c6       0x3a 
 *(.KernelExceptionVector.text)
 .KernelExceptionVector.text
                0x0000000040080300        0x6 /mnt/c/esp/sensor/laser_emitter/build/freertos/libfreertos.a(xtensa_vectors.o)
                0x0000000040080300                _KernelExceptionVector
                0x0000000000000340                . = 0x340
 *fill*         0x0000000040080306       0x3a 
 *(.UserExceptionVector.text)
 .UserExceptionVector.text
                0x0000000040080340        0x6 /mnt/c/esp/sensor/laser_emitter/build/freertos/libfreertos.a(xtensa_vectors.o)
                0x0000000040080340                _UserExceptionVector
                0x00000000000003c0                . = 0x3c0
 *fill*         0x0000000040080346       0x7a 
 *(.DoubleExceptionVector.text)
 .DoubleExceptionVector.text
                0x00000000400803c0        0xf /mnt/c/esp/sensor/laser_emitter/build/freertos/libfreertos.a(xtensa_vectors.o)
                0x00000000400803c0                _DoubleExceptionVector
                0x0000000000000400                . = 0x400
 *fill*         0x00000000400803cf       0x31 
 *(.*Vector.literal)
 *(.UserEnter.literal)
 *(.UserEnter.text)
                0x0000000040080400                . = ALIGN (0x10)
 *(.entry.text)
 *(.init.literal)
 *(.init)
                0x0000000040080400                _init_end = ABSOLUTE (.)

.iram0.text     0x0000000040080400     0x7b28
                0x0000000040080400                _iram_text_start = ABSOLUTE (.)
 *(.iram1 .iram1.*)
 .iram1.21.literal
                0x0000000040080400       0x40 /mnt/c/esp/sensor/laser_emitter/build/esp32/libesp32.a(cpu_start.o)
                                         0xb8 (size before relaxing)
 .iram1.23.literal
                0x0000000040080440        0xc /mnt/c/esp/sensor/laser_emitter/build/esp32/libesp32.a(cpu_start.o)
                                         0x2c (size before relaxing)
 .iram1.25.literal
                0x000000004008044c       0x1c /mnt/c/esp/sensor/laser_emitter/build/esp32/libesp32.a(cpu_start.o)
                                         0x34 (size before relaxing)
 .iram1.24.literal
                0x0000000040080468       0x64 /mnt/c/esp/sensor/laser_emitter/build/esp32/libesp32.a(cpu_start.o)
                                        0x110 (size before relaxing)
 .iram1.17.literal
                0x00000000400804cc       0x1c /mnt/c/esp/sensor/laser_emitter/build/esp32/libesp32.a(crosscore_int.o)
                                         0x28 (size before relaxing)
 .iram1.16.literal
                0x00000000400804e8        0x0 /mnt/c/esp/sensor/laser_emitter/build/esp32/libesp32.a(crosscore_int.o)
                                         0x18 (size before relaxing)
 .iram1.18.literal
                0x00000000400804e8        0x0 /mnt/c/esp/sensor/laser_emitter/build/esp32/libesp32.a(crosscore_int.o)
                                          0x4 (size before relaxing)
 .iram1.4.literal
                0x00000000400804e8        0x8 /mnt/c/esp/sensor/laser_emitter/build/esp32/libesp32.a(clk.o)
 .iram1.5.literal
                0x00000000400804f0        0x0 /mnt/c/esp/sensor/laser_emitter/build/esp32/libesp32.a(clk.o)
                                          0x8 (size before relaxing)
 .iram1.7.literal
                0x00000000400804f0        0x4 /mnt/c/esp/sensor/laser_emitter/build/esp32/libesp32.a(clk.o)
                                          0x8 (size before relaxing)
 .iram1.13.literal
                0x00000000400804f4        0xc /mnt/c/esp/sensor/laser_emitter/build/esp32/libesp32.a(cache_err_int.o)
                                         0x18 (size before relaxing)
 .iram1.11.literal
                0x0000000040080500        0x4 /mnt/c/esp/sensor/laser_emitter/build/esp32/libesp32.a(intr_alloc.o)
                                          0xc (size before relaxing)
 .iram1.13.literal
                0x0000000040080504        0x4 /mnt/c/esp/sensor/laser_emitter/build/esp32/libesp32.a(intr_alloc.o)
                                         0x14 (size before relaxing)
 .iram1.14.literal
                0x0000000040080508        0xc /mnt/c/esp/sensor/laser_emitter/build/esp32/libesp32.a(intr_alloc.o)
                                         0x28 (size before relaxing)
 .iram1.15.literal
                0x0000000040080514        0xc /mnt/c/esp/sensor/laser_emitter/build/esp32/libesp32.a(intr_alloc.o)
                                         0x10 (size before relaxing)
 .iram1.16.literal
                0x0000000040080520        0x0 /mnt/c/esp/sensor/laser_emitter/build/esp32/libesp32.a(intr_alloc.o)
                                          0xc (size before relaxing)
 .iram1.20.literal
                0x0000000040080520        0x4 /mnt/c/esp/sensor/laser_emitter/build/esp32/libesp32.a(esp_timer.o)
 .iram1.17.literal
                0x0000000040080524        0x4 /mnt/c/esp/sensor/laser_emitter/build/esp32/libesp32.a(esp_timer.o)
                                          0x8 (size before relaxing)
 .iram1.18.literal
                0x0000000040080528        0x0 /mnt/c/esp/sensor/laser_emitter/build/esp32/libesp32.a(esp_timer.o)
                                          0x8 (size before relaxing)
 .iram1.14.literal
                0x0000000040080528       0x10 /mnt/c/esp/sensor/laser_emitter/build/esp32/libesp32.a(esp_timer.o)
                                         0x20 (size before relaxing)
 .iram1.19.literal
                0x0000000040080538        0x4 /mnt/c/esp/sensor/laser_emitter/build/esp32/libesp32.a(esp_timer.o)
                                          0xc (size before relaxing)
 .iram1.22.literal
                0x000000004008053c        0x0 /mnt/c/esp/sensor/laser_emitter/build/esp32/libesp32.a(esp_timer.o)
                                          0x4 (size before relaxing)
 .iram1.15.literal
                0x000000004008053c       0x28 /mnt/c/esp/sensor/laser_emitter/build/esp32/libesp32.a(dport_access.o)
                                         0x2c (size before relaxing)
 .iram1.16.literal
                0x0000000040080564        0xc /mnt/c/esp/sensor/laser_emitter/build/esp32/libesp32.a(dport_access.o)
                                         0x2c (size before relaxing)
 .iram1.19.literal
                0x0000000040080570        0x0 /mnt/c/esp/sensor/laser_emitter/build/esp32/libesp32.a(dport_access.o)
                                         0x10 (size before relaxing)
 .iram1.20.literal
                0x0000000040080570        0x0 /mnt/c/esp/sensor/laser_emitter/build/esp32/libesp32.a(dport_access.o)
                                          0x4 (size before relaxing)
 .iram1.23.literal
                0x0000000040080570        0x4 /mnt/c/esp/sensor/laser_emitter/build/esp32/libesp32.a(dport_access.o)
 .iram1.24.literal
                0x0000000040080574        0x0 /mnt/c/esp/sensor/laser_emitter/build/esp32/libesp32.a(dport_access.o)
                                          0x4 (size before relaxing)
 .iram1.22.literal
                0x0000000040080574       0x48 /mnt/c/esp/sensor/laser_emitter/build/esp32/libesp32.a(system_api.o)
                                         0xb0 (size before relaxing)
 .iram1.14.literal
                0x00000000400805bc        0x4 /mnt/c/esp/sensor/laser_emitter/build/esp32/libesp32.a(int_wdt.o)
                                          0xc (size before relaxing)
 .iram1.literal
                0x00000000400805c0       0x10 /mnt/c/esp/sensor/laser_emitter/build/esp32/libesp32.a(dport_panic_highint_hdl.o)
                                         0x28 (size before relaxing)
 .iram1.15.literal
                0x00000000400805d0       0x40 /mnt/c/esp/sensor/laser_emitter/build/esp32/libesp32.a(esp_timer_esp32.o)
                                         0x4c (size before relaxing)
 .iram1.13.literal
                0x0000000040080610        0x4 /mnt/c/esp/sensor/laser_emitter/build/esp32/libesp32.a(esp_timer_esp32.o)
                                         0x20 (size before relaxing)
 .iram1.14.literal
                0x0000000040080614       0x10 /mnt/c/esp/sensor/laser_emitter/build/esp32/libesp32.a(esp_timer_esp32.o)
                                         0x4c (size before relaxing)
 .iram1.10.literal
                0x0000000040080624        0x4 /mnt/c/esp/sensor/laser_emitter/build/esp32/libesp32.a(freertos_hooks.o)
 .iram1.11.literal
                0x0000000040080628       0x20 /mnt/c/esp/sensor/laser_emitter/build/esp32/libesp32.a(ipc.o)
                                         0x34 (size before relaxing)
 .iram1.11.literal
                0x0000000040080648        0x4 /mnt/c/esp/sensor/laser_emitter/build/freertos/libfreertos.a(port.o)
 .iram1.literal
                0x000000004008064c       0x44 /mnt/c/esp/sensor/laser_emitter/build/freertos/libfreertos.a(xtensa_vectors.o)
                                         0x68 (size before relaxing)
 .iram1.18.literal
                0x0000000040080690        0x4 /mnt/c/esp/sensor/laser_emitter/build/heap/libheap.a(heap_caps.o)
 .iram1.11.literal
                0x0000000040080694       0x24 /mnt/c/esp/sensor/laser_emitter/build/heap/libheap.a(heap_caps.o)
                                         0x34 (size before relaxing)
 .iram1.12.literal
                0x00000000400806b8        0x4 /mnt/c/esp/sensor/laser_emitter/build/heap/libheap.a(heap_caps.o)
                                         0x18 (size before relaxing)
 .iram1.13.literal
                0x00000000400806bc        0xc /mnt/c/esp/sensor/laser_emitter/build/heap/libheap.a(heap_caps.o)
                                         0x20 (size before relaxing)
 .iram1.19.literal
                0x00000000400806c8       0x10 /mnt/c/esp/sensor/laser_emitter/build/heap/libheap.a(heap_caps.o)
                                         0x20 (size before relaxing)
 .iram1.20.literal
                0x00000000400806d8       0x10 /mnt/c/esp/sensor/laser_emitter/build/heap/libheap.a(heap_caps.o)
                                         0x38 (size before relaxing)
 .iram1.14.literal
                0x00000000400806e8        0x0 /mnt/c/esp/sensor/laser_emitter/build/heap/libheap.a(heap_caps.o)
                                         0x20 (size before relaxing)
 .iram1.11.literal
                0x00000000400806e8       0x20 /mnt/c/esp/sensor/laser_emitter/build/log/liblog.a(log.o)
                                         0x34 (size before relaxing)
 .iram1.12.literal
                0x0000000040080708        0x0 /mnt/c/esp/sensor/laser_emitter/build/log/liblog.a(log.o)
                                          0x8 (size before relaxing)
 .iram1.13.literal
                0x0000000040080708        0x4 /mnt/c/esp/sensor/laser_emitter/build/log/liblog.a(log.o)
                                         0x14 (size before relaxing)
 .iram1.12.literal
                0x000000004008070c        0xc /mnt/c/esp/sensor/laser_emitter/build/newlib/libnewlib.a(time.o)
                                         0x18 (size before relaxing)
 .iram1.11.literal
                0x0000000040080718        0x0 /mnt/c/esp/sensor/laser_emitter/build/newlib/libnewlib.a(time.o)
                                          0x8 (size before relaxing)
 .iram1.0.literal
                0x0000000040080718        0x8 /mnt/c/esp/sensor/laser_emitter/build/newlib/libnewlib.a(reent_init.o)
                                         0x10 (size before relaxing)
 .iram1.10.literal
                0x0000000040080720        0x0 /mnt/c/esp/sensor/laser_emitter/build/newlib/libnewlib.a(syscalls.o)
                                          0x4 (size before relaxing)
 .iram1.11.literal
                0x0000000040080720        0x0 /mnt/c/esp/sensor/laser_emitter/build/newlib/libnewlib.a(syscalls.o)
                                          0x4 (size before relaxing)
 .iram1.12.literal
                0x0000000040080720        0x0 /mnt/c/esp/sensor/laser_emitter/build/newlib/libnewlib.a(syscalls.o)
                                          0x4 (size before relaxing)
 .iram1.13.literal
                0x0000000040080720        0x8 /mnt/c/esp/sensor/laser_emitter/build/newlib/libnewlib.a(syscalls.o)
 .iram1.11.literal
                0x0000000040080728        0x4 /mnt/c/esp/sensor/laser_emitter/build/newlib/libnewlib.a(locks.o)
                                         0x1c (size before relaxing)
 .iram1.15.literal
                0x000000004008072c        0xc /mnt/c/esp/sensor/laser_emitter/build/newlib/libnewlib.a(locks.o)
                                         0x38 (size before relaxing)
 .iram1.20.literal
                0x0000000040080738        0x0 /mnt/c/esp/sensor/laser_emitter/build/newlib/libnewlib.a(locks.o)
                                         0x18 (size before relaxing)
 .iram1.12.literal
                0x0000000040080738        0x0 /mnt/c/esp/sensor/laser_emitter/build/newlib/libnewlib.a(locks.o)
                                          0x4 (size before relaxing)
 .iram1.13.literal
                0x0000000040080738        0x0 /mnt/c/esp/sensor/laser_emitter/build/newlib/libnewlib.a(locks.o)
                                          0x4 (size before relaxing)
 .iram1.14.literal
                0x0000000040080738        0x4 /mnt/c/esp/sensor/laser_emitter/build/newlib/libnewlib.a(locks.o)
                                         0x28 (size before relaxing)
 .iram1.16.literal
                0x000000004008073c        0x0 /mnt/c/esp/sensor/laser_emitter/build/newlib/libnewlib.a(locks.o)
                                          0x4 (size before relaxing)
 .iram1.17.literal
                0x000000004008073c        0x0 /mnt/c/esp/sensor/laser_emitter/build/newlib/libnewlib.a(locks.o)
                                          0x4 (size before relaxing)
 .iram1.18.literal
                0x000000004008073c        0x0 /mnt/c/esp/sensor/laser_emitter/build/newlib/libnewlib.a(locks.o)
                                          0x4 (size before relaxing)
 .iram1.19.literal
                0x000000004008073c        0x0 /mnt/c/esp/sensor/laser_emitter/build/newlib/libnewlib.a(locks.o)
                                          0x4 (size before relaxing)
 .iram1.21.literal
                0x000000004008073c        0x0 /mnt/c/esp/sensor/laser_emitter/build/newlib/libnewlib.a(locks.o)
                                          0x4 (size before relaxing)
 .iram1.22.literal
                0x000000004008073c        0x0 /mnt/c/esp/sensor/laser_emitter/build/newlib/libnewlib.a(locks.o)
                                          0x4 (size before relaxing)
 .iram1.0.literal
                0x000000004008073c       0x18 /mnt/c/esp/sensor/laser_emitter/build/soc/libsoc.a(cpu_util.o)
 .iram1.1.literal
                0x0000000040080754        0x0 /mnt/c/esp/sensor/laser_emitter/build/soc/libsoc.a(cpu_util.o)
                                         0x10 (size before relaxing)
 .iram1.2.literal
                0x0000000040080754        0x0 /mnt/c/esp/sensor/laser_emitter/build/soc/libsoc.a(cpu_util.o)
                                          0x4 (size before relaxing)
 .iram1.3.literal
                0x0000000040080754        0x4 /mnt/c/esp/sensor/laser_emitter/build/soc/libsoc.a(cpu_util.o)
 .iram1.28.literal
                0x0000000040080758       0x10 /mnt/c/esp/sensor/laser_emitter/build/spi_flash/libspi_flash.a(cache_utils.o)
                                         0x20 (size before relaxing)
 .iram1.22.literal
                0x0000000040080768        0xc /mnt/c/esp/sensor/laser_emitter/build/spi_flash/libspi_flash.a(cache_utils.o)
                                         0x20 (size before relaxing)
 .iram1.27.literal
                0x0000000040080774        0x8 /mnt/c/esp/sensor/laser_emitter/build/spi_flash/libspi_flash.a(cache_utils.o)
                                         0x30 (size before relaxing)
 .iram1.23.literal
                0x000000004008077c       0x20 /mnt/c/esp/sensor/laser_emitter/build/spi_flash/libspi_flash.a(cache_utils.o)
                                         0x64 (size before relaxing)
 .iram1.24.literal
                0x000000004008079c        0xc /mnt/c/esp/sensor/laser_emitter/build/spi_flash/libspi_flash.a(cache_utils.o)
                                         0x44 (size before relaxing)
 .iram1.29.literal
                0x00000000400807a8        0x0 /mnt/c/esp/sensor/laser_emitter/build/spi_flash/libspi_flash.a(cache_utils.o)
                                         0x10 (size before relaxing)
 .iram1.22.literal
                0x00000000400807a8        0x4 /mnt/c/esp/sensor/laser_emitter/build/spi_flash/libspi_flash.a(flash_ops.o)
 .iram1.22.literal
                0x00000000400807ac        0x8 /mnt/c/esp/sensor/laser_emitter/build/spi_flash/libspi_flash.a(flash_mmap.o)
 .iram1.21.literal
                0x00000000400807b4        0xc /mnt/c/esp/sensor/laser_emitter/build/spi_flash/libspi_flash.a(flash_mmap.o)
                                         0x18 (size before relaxing)
 .iram1.27.literal
                0x00000000400807c0        0x0 /mnt/c/esp/sensor/laser_emitter/build/spi_flash/libspi_flash.a(flash_mmap.o)
                                         0x10 (size before relaxing)
 .iram1.30.literal
                0x00000000400807c0       0x10 /mnt/c/esp/sensor/laser_emitter/build/spi_flash/libspi_flash.a(flash_mmap.o)
                                         0x28 (size before relaxing)
 .iram1.24.literal
                0x00000000400807d0       0x30 /mnt/c/esp/sensor/laser_emitter/build/spi_flash/libspi_flash.a(flash_mmap.o)
                                         0x88 (size before relaxing)
 .iram1.23.literal
                0x0000000040080800        0x4 /mnt/c/esp/sensor/laser_emitter/build/spi_flash/libspi_flash.a(flash_mmap.o)
                                         0x18 (size before relaxing)
 .iram1.25.literal
                0x0000000040080804        0xc /mnt/c/esp/sensor/laser_emitter/build/spi_flash/libspi_flash.a(flash_mmap.o)
                                         0x34 (size before relaxing)
 .literal.prvGetFreeSize
                0x0000000040080810        0xc /mnt/c/esp/sensor/laser_emitter/build/esp_ringbuf/libesp_ringbuf.a(ringbuf.o)
                                         0x14 (size before relaxing)
 .literal.prvReceiveGeneric
                0x000000004008081c        0x4 /mnt/c/esp/sensor/laser_emitter/build/esp_ringbuf/libesp_ringbuf.a(ringbuf.o)
                                         0x3c (size before relaxing)
 .literal.xRingbufferSend
                0x0000000040080820        0x4 /mnt/c/esp/sensor/laser_emitter/build/esp_ringbuf/libesp_ringbuf.a(ringbuf.o)
                                         0x40 (size before relaxing)
 .literal.xRingbufferReceive
                0x0000000040080824        0x4 /mnt/c/esp/sensor/laser_emitter/build/esp_ringbuf/libesp_ringbuf.a(ringbuf.o)
                                         0x18 (size before relaxing)
 .literal.vRingbufferReturnItem
                0x0000000040080828        0x4 /mnt/c/esp/sensor/laser_emitter/build/esp_ringbuf/libesp_ringbuf.a(ringbuf.o)
                                         0x28 (size before relaxing)
 .literal       0x000000004008082c        0x4 /home/soosang/esp/esp-idf/components/esp32/libhal.a(windowspill_asm.o)
 .literal.panicPutChar
                0x0000000040080830        0x4 /mnt/c/esp/sensor/laser_emitter/build/esp32/libesp32.a(panic.o)
                                          0x8 (size before relaxing)
 .literal.panicPutStr
                0x0000000040080834        0x0 /mnt/c/esp/sensor/laser_emitter/build/esp32/libesp32.a(panic.o)
                                          0x4 (size before relaxing)
 .literal.panicPutHex
                0x0000000040080834        0x0 /mnt/c/esp/sensor/laser_emitter/build/esp32/libesp32.a(panic.o)
                                          0x8 (size before relaxing)
 .literal.panicPutDec
                0x0000000040080834        0x4 /mnt/c/esp/sensor/laser_emitter/build/esp32/libesp32.a(panic.o)
                                         0x10 (size before relaxing)
 .literal.illegal_instruction_helper
                0x0000000040080838       0x18 /mnt/c/esp/sensor/laser_emitter/build/esp32/libesp32.a(panic.o)
                                         0x3c (size before relaxing)
 .literal.reconfigureAllWdts
                0x0000000040080850       0x10 /mnt/c/esp/sensor/laser_emitter/build/esp32/libesp32.a(panic.o)
                                         0x24 (size before relaxing)
 .literal.putEntry
                0x0000000040080860       0x10 /mnt/c/esp/sensor/laser_emitter/build/esp32/libesp32.a(panic.o)
                                         0x20 (size before relaxing)
 .literal.doBacktrace
                0x0000000040080870       0x10 /mnt/c/esp/sensor/laser_emitter/build/esp32/libesp32.a(panic.o)
                                         0x24 (size before relaxing)
 .literal.invoke_abort
                0x0000000040080880        0x4 /mnt/c/esp/sensor/laser_emitter/build/esp32/libesp32.a(panic.o)
                                          0x8 (size before relaxing)
 .literal.haltOtherCore
                0x0000000040080884        0x0 /mnt/c/esp/sensor/laser_emitter/build/esp32/libesp32.a(panic.o)
                                          0x4 (size before relaxing)
 .literal.commonErrorHandler_dump
                0x0000000040080884       0x2c /mnt/c/esp/sensor/laser_emitter/build/esp32/libesp32.a(panic.o)
                                         0x90 (size before relaxing)
 .literal.esp_panic_dig_reset
                0x00000000400808b0        0x0 /mnt/c/esp/sensor/laser_emitter/build/esp32/libesp32.a(panic.o)
                                         0x18 (size before relaxing)
 .literal.commonErrorHandler
                0x00000000400808b0        0x8 /mnt/c/esp/sensor/laser_emitter/build/esp32/libesp32.a(panic.o)
                                         0x4c (size before relaxing)
 .literal.esp_error_check_failed_print
                0x00000000400808b8       0x14 /mnt/c/esp/sensor/laser_emitter/build/esp32/libesp32.a(panic.o)
                                         0x2c (size before relaxing)
 .literal.abort
                0x00000000400808cc        0x8 /mnt/c/esp/sensor/laser_emitter/build/esp32/libesp32.a(panic.o)
                                         0x18 (size before relaxing)
 .literal.vApplicationStackOverflowHook
                0x00000000400808d4        0x8 /mnt/c/esp/sensor/laser_emitter/build/esp32/libesp32.a(panic.o)
                                         0x18 (size before relaxing)
 .literal.panicHandler
                0x00000000400808dc       0x34 /mnt/c/esp/sensor/laser_emitter/build/esp32/libesp32.a(panic.o)
                                         0xa8 (size before relaxing)
 .literal.xt_unhandled_exception
                0x0000000040080910       0x18 /mnt/c/esp/sensor/laser_emitter/build/esp32/libesp32.a(panic.o)
                                         0x68 (size before relaxing)
 .literal._esp_error_check_failed
                0x0000000040080928        0x4 /mnt/c/esp/sensor/laser_emitter/build/esp32/libesp32.a(panic.o)
                                          0xc (size before relaxing)
 .literal.rtc_init
                0x000000004008092c       0x9c /mnt/c/esp/sensor/laser_emitter/build/soc/libsoc.a(rtc_init.o)
                                         0xdc (size before relaxing)
 .literal.rtc_clk_cal_internal
                0x00000000400809c8       0x38 /mnt/c/esp/sensor/laser_emitter/build/soc/libsoc.a(rtc_time.o)
                                         0x68 (size before relaxing)
 .literal.rtc_clk_cal
                0x0000000040080a00        0x0 /mnt/c/esp/sensor/laser_emitter/build/soc/libsoc.a(rtc_time.o)
                                          0xc (size before relaxing)
 .literal.rtc_time_get
                0x0000000040080a00       0x10 /mnt/c/esp/sensor/laser_emitter/build/soc/libsoc.a(rtc_time.o)
                                         0x18 (size before relaxing)
 .literal.rtc_clk_wait_for_slow_cycle
                0x0000000040080a10        0x8 /mnt/c/esp/sensor/laser_emitter/build/soc/libsoc.a(rtc_time.o)
                                         0x20 (size before relaxing)
 .literal.rtc_wdt_get_protect_status
                0x0000000040080a18        0x8 /mnt/c/esp/sensor/laser_emitter/build/soc/libsoc.a(rtc_wdt.o)
 .literal.rtc_wdt_protect_off
                0x0000000040080a20        0x0 /mnt/c/esp/sensor/laser_emitter/build/soc/libsoc.a(rtc_wdt.o)
                                          0x8 (size before relaxing)
 .literal.rtc_wdt_protect_on
                0x0000000040080a20        0x0 /mnt/c/esp/sensor/laser_emitter/build/soc/libsoc.a(rtc_wdt.o)
                                          0x4 (size before relaxing)
 .literal.rtc_wdt_enable
                0x0000000040080a20        0xc /mnt/c/esp/sensor/laser_emitter/build/soc/libsoc.a(rtc_wdt.o)
                                         0x10 (size before relaxing)
 .literal.rtc_wdt_feed
                0x0000000040080a2c        0x0 /mnt/c/esp/sensor/laser_emitter/build/soc/libsoc.a(rtc_wdt.o)
                                         0x14 (size before relaxing)
 .literal.rtc_wdt_set_time
                0x0000000040080a2c       0x14 /mnt/c/esp/sensor/laser_emitter/build/soc/libsoc.a(rtc_wdt.o)
                                         0x20 (size before relaxing)
 .literal.rtc_wdt_set_stage
                0x0000000040080a40        0x8 /mnt/c/esp/sensor/laser_emitter/build/soc/libsoc.a(rtc_wdt.o)
                                         0x14 (size before relaxing)
 .literal.rtc_wdt_disable
                0x0000000040080a48        0x0 /mnt/c/esp/sensor/laser_emitter/build/soc/libsoc.a(rtc_wdt.o)
                                         0x2c (size before relaxing)
 .literal.rtc_wdt_set_length_of_reset_signal
                0x0000000040080a48        0x8 /mnt/c/esp/sensor/laser_emitter/build/soc/libsoc.a(rtc_wdt.o)
                                          0xc (size before relaxing)
 .literal.rtc_wdt_is_on
                0x0000000040080a50        0x0 /mnt/c/esp/sensor/laser_emitter/build/soc/libsoc.a(rtc_wdt.o)
                                          0x4 (size before relaxing)
 .literal.rtc_clk_32k_enable_common
                0x0000000040080a50       0x14 /mnt/c/esp/sensor/laser_emitter/build/soc/libsoc.a(rtc_clk.o)
 .literal.rtc_clk_bbpll_disable
                0x0000000040080a64        0x8 /mnt/c/esp/sensor/laser_emitter/build/soc/libsoc.a(rtc_clk.o)
                                         0x10 (size before relaxing)
 .literal.rtc_clk_bbpll_enable
                0x0000000040080a6c        0x8 /mnt/c/esp/sensor/laser_emitter/build/soc/libsoc.a(rtc_clk.o)
                                         0x1c (size before relaxing)
 .literal.rtc_clk_32k_enable
                0x0000000040080a74        0x0 /mnt/c/esp/sensor/laser_emitter/build/soc/libsoc.a(rtc_clk.o)
                                          0xc (size before relaxing)
 .literal.rtc_clk_32k_enable_external
                0x0000000040080a74        0x0 /mnt/c/esp/sensor/laser_emitter/build/soc/libsoc.a(rtc_clk.o)
                                          0x4 (size before relaxing)
 .literal.rtc_clk_8m_enable
                0x0000000040080a74        0x0 /mnt/c/esp/sensor/laser_emitter/build/soc/libsoc.a(rtc_clk.o)
                                         0x10 (size before relaxing)
 .literal.rtc_clk_slow_freq_set
                0x0000000040080a74        0x0 /mnt/c/esp/sensor/laser_emitter/build/soc/libsoc.a(rtc_clk.o)
                                          0xc (size before relaxing)
 .literal.rtc_clk_slow_freq_get
                0x0000000040080a74        0x0 /mnt/c/esp/sensor/laser_emitter/build/soc/libsoc.a(rtc_clk.o)
                                          0x4 (size before relaxing)
 .literal.rtc_clk_slow_freq_get_hz
                0x0000000040080a74        0x0 /mnt/c/esp/sensor/laser_emitter/build/soc/libsoc.a(rtc_clk.o)
                                         0x10 (size before relaxing)
 .literal.rtc_clk_fast_freq_set
                0x0000000040080a74        0x0 /mnt/c/esp/sensor/laser_emitter/build/soc/libsoc.a(rtc_clk.o)
                                          0xc (size before relaxing)
 .literal.rtc_clk_bbpll_configure
                0x0000000040080a74        0x8 /mnt/c/esp/sensor/laser_emitter/build/soc/libsoc.a(rtc_clk.o)
                                         0x3c (size before relaxing)
 .literal.rtc_clk_xtal_freq_get
                0x0000000040080a7c        0x8 /mnt/c/esp/sensor/laser_emitter/build/soc/libsoc.a(rtc_clk.o)
 .literal.rtc_clk_cpu_freq_mhz_to_config
                0x0000000040080a84        0x0 /mnt/c/esp/sensor/laser_emitter/build/soc/libsoc.a(rtc_clk.o)
                                          0x4 (size before relaxing)
 .literal.rtc_clk_cpu_freq_get_config
                0x0000000040080a84       0x10 /mnt/c/esp/sensor/laser_emitter/build/soc/libsoc.a(rtc_clk.o)
                                         0x34 (size before relaxing)
 .literal.rtc_clk_apb_freq_update
                0x0000000040080a94        0x4 /mnt/c/esp/sensor/laser_emitter/build/soc/libsoc.a(rtc_clk.o)
 .literal.rtc_clk_cpu_freq_to_xtal
                0x0000000040080a98        0xc /mnt/c/esp/sensor/laser_emitter/build/soc/libsoc.a(rtc_clk.o)
                                         0x34 (size before relaxing)
 .literal.rtc_clk_cpu_freq_set_xtal
                0x0000000040080aa4        0x0 /mnt/c/esp/sensor/laser_emitter/build/soc/libsoc.a(rtc_clk.o)
                                         0x10 (size before relaxing)
 .literal.rtc_clk_cpu_freq_to_pll_mhz
                0x0000000040080aa4        0x8 /mnt/c/esp/sensor/laser_emitter/build/soc/libsoc.a(rtc_clk.o)
                                         0x3c (size before relaxing)
 .literal.rtc_clk_cpu_freq_to_8m
                0x0000000040080aac        0x4 /mnt/c/esp/sensor/laser_emitter/build/soc/libsoc.a(rtc_clk.o)
                                         0x2c (size before relaxing)
 .literal.rtc_clk_cpu_freq_set_config
                0x0000000040080ab0        0x0 /mnt/c/esp/sensor/laser_emitter/build/soc/libsoc.a(rtc_clk.o)
                                         0x30 (size before relaxing)
 .literal.rtc_clk_apb_freq_get
                0x0000000040080ab0        0x4 /mnt/c/esp/sensor/laser_emitter/build/soc/libsoc.a(rtc_clk.o)
                                         0x10 (size before relaxing)
 .literal.xt_unhandled_interrupt
                0x0000000040080ab4        0x4 /mnt/c/esp/sensor/laser_emitter/build/freertos/libfreertos.a(xtensa_intr.o)
                                          0x8 (size before relaxing)
 .literal.xt_set_interrupt_handler
                0x0000000040080ab8        0x8 /mnt/c/esp/sensor/laser_emitter/build/freertos/libfreertos.a(xtensa_intr.o)
                                          0xc (size before relaxing)
 .literal.prvIsQueueFull
                0x0000000040080ac0        0x0 /mnt/c/esp/sensor/laser_emitter/build/freertos/libfreertos.a(queue.o)
                                          0x8 (size before relaxing)
 .literal.prvCopyDataToQueue
                0x0000000040080ac0        0x0 /mnt/c/esp/sensor/laser_emitter/build/freertos/libfreertos.a(queue.o)
                                          0xc (size before relaxing)
 .literal.prvNotifyQueueSetContainer
                0x0000000040080ac0       0x14 /mnt/c/esp/sensor/laser_emitter/build/freertos/libfreertos.a(queue.o)
                                         0x34 (size before relaxing)
 .literal.prvCopyDataFromQueue
                0x0000000040080ad4        0x0 /mnt/c/esp/sensor/laser_emitter/build/freertos/libfreertos.a(queue.o)
                                          0x4 (size before relaxing)
 .literal.xQueueGenericReset
                0x0000000040080ad4        0x4 /mnt/c/esp/sensor/laser_emitter/build/freertos/libfreertos.a(queue.o)
                                         0x30 (size before relaxing)
 .literal.prvInitialiseNewQueue
                0x0000000040080ad8        0x0 /mnt/c/esp/sensor/laser_emitter/build/freertos/libfreertos.a(queue.o)
                                          0x4 (size before relaxing)
 .literal.xQueueGenericCreate
                0x0000000040080ad8        0x4 /mnt/c/esp/sensor/laser_emitter/build/freertos/libfreertos.a(queue.o)
                                         0x1c (size before relaxing)
 .literal.xQueueGetMutexHolder
                0x0000000040080adc        0x0 /mnt/c/esp/sensor/laser_emitter/build/freertos/libfreertos.a(queue.o)
                                          0x8 (size before relaxing)
 .literal.xQueueCreateCountingSemaphore
                0x0000000040080adc        0x4 /mnt/c/esp/sensor/laser_emitter/build/freertos/libfreertos.a(queue.o)
                                         0x28 (size before relaxing)
 .literal.xQueueGenericSend
                0x0000000040080ae0        0x4 /mnt/c/esp/sensor/laser_emitter/build/freertos/libfreertos.a(queue.o)
                                         0x7c (size before relaxing)
 .literal.prvInitialiseMutex
                0x0000000040080ae4        0x0 /mnt/c/esp/sensor/laser_emitter/build/freertos/libfreertos.a(queue.o)
                                          0x8 (size before relaxing)
 .literal.xQueueCreateMutex
                0x0000000040080ae4        0x0 /mnt/c/esp/sensor/laser_emitter/build/freertos/libfreertos.a(queue.o)
                                          0x8 (size before relaxing)
 .literal.xQueueGiveMutexRecursive
                0x0000000040080ae4        0x4 /mnt/c/esp/sensor/laser_emitter/build/freertos/libfreertos.a(queue.o)
                                         0x1c (size before relaxing)
 .literal.xQueueGenericSendFromISR
                0x0000000040080ae8        0x4 /mnt/c/esp/sensor/laser_emitter/build/freertos/libfreertos.a(queue.o)
                                         0x3c (size before relaxing)
 .literal.xQueueGiveFromISR
                0x0000000040080aec        0x4 /mnt/c/esp/sensor/laser_emitter/build/freertos/libfreertos.a(queue.o)
                                         0x30 (size before relaxing)
 .literal.xQueueGenericReceive
                0x0000000040080af0        0x4 /mnt/c/esp/sensor/laser_emitter/build/freertos/libfreertos.a(queue.o)
                                         0x78 (size before relaxing)
 .literal.xQueueTakeMutexRecursive
                0x0000000040080af4        0x4 /mnt/c/esp/sensor/laser_emitter/build/freertos/libfreertos.a(queue.o)
                                         0x1c (size before relaxing)
 .literal.xQueueReceiveFromISR
                0x0000000040080af8        0x4 /mnt/c/esp/sensor/laser_emitter/build/freertos/libfreertos.a(queue.o)
                                         0x30 (size before relaxing)
 .literal.vQueueDelete
                0x0000000040080afc        0x4 /mnt/c/esp/sensor/laser_emitter/build/freertos/libfreertos.a(queue.o)
                                         0x18 (size before relaxing)
 .literal.vQueueWaitForMessageRestricted
                0x0000000040080b00        0x0 /mnt/c/esp/sensor/laser_emitter/build/freertos/libfreertos.a(queue.o)
                                          0xc (size before relaxing)
 .literal._xt_tick_divisor_init
                0x0000000040080b00        0x8 /mnt/c/esp/sensor/laser_emitter/build/freertos/libfreertos.a(xtensa_init.o)
                                          0xc (size before relaxing)
 .literal.vPortTaskWrapper
                0x0000000040080b08        0x8 /mnt/c/esp/sensor/laser_emitter/build/freertos/libfreertos.a(port.o)
                                         0x18 (size before relaxing)
 .literal.pxPortInitialiseStack
                0x0000000040080b10       0x14 /mnt/c/esp/sensor/laser_emitter/build/freertos/libfreertos.a(port.o)
                                         0x1c (size before relaxing)
 .literal.xPortStartScheduler
                0x0000000040080b24        0x0 /mnt/c/esp/sensor/laser_emitter/build/freertos/libfreertos.a(port.o)
                                         0x14 (size before relaxing)
 .literal.xPortSysTickHandler
                0x0000000040080b24        0x0 /mnt/c/esp/sensor/laser_emitter/build/freertos/libfreertos.a(port.o)
                                          0x8 (size before relaxing)
 .literal.vPortYieldOtherCore
                0x0000000040080b24        0x0 /mnt/c/esp/sensor/laser_emitter/build/freertos/libfreertos.a(port.o)
                                          0x4 (size before relaxing)
 .literal.vPortReleaseTaskMPUSettings
                0x0000000040080b24        0x0 /mnt/c/esp/sensor/laser_emitter/build/freertos/libfreertos.a(port.o)
                                          0x4 (size before relaxing)
 .literal.xPortInIsrContext
                0x0000000040080b24        0x0 /mnt/c/esp/sensor/laser_emitter/build/freertos/libfreertos.a(port.o)
                                          0x8 (size before relaxing)
 .literal.vPortCPUInitializeMutex
                0x0000000040080b24        0x4 /mnt/c/esp/sensor/laser_emitter/build/freertos/libfreertos.a(port.o)
 .literal.vPortCPUAcquireMutex
                0x0000000040080b28       0x1c /mnt/c/esp/sensor/laser_emitter/build/freertos/libfreertos.a(port.o)
                                         0x30 (size before relaxing)
 .literal.vPortCPUReleaseMutex
                0x0000000040080b44        0xc /mnt/c/esp/sensor/laser_emitter/build/freertos/libfreertos.a(port.o)
                                         0x20 (size before relaxing)
 .literal.prvResetNextTaskUnblockTime
                0x0000000040080b50        0x8 /mnt/c/esp/sensor/laser_emitter/build/freertos/libfreertos.a(tasks.o)
 .literal.prvDeleteTLS
                0x0000000040080b58       0x10 /mnt/c/esp/sensor/laser_emitter/build/freertos/libfreertos.a(tasks.o)
                                         0x18 (size before relaxing)
 .literal.prvInitialiseNewTask
                0x0000000040080b68        0x0 /mnt/c/esp/sensor/laser_emitter/build/freertos/libfreertos.a(tasks.o)
                                         0x18 (size before relaxing)
 .literal.prvInitialiseTaskLists
                0x0000000040080b68       0x20 /mnt/c/esp/sensor/laser_emitter/build/freertos/libfreertos.a(tasks.o)
                                         0x40 (size before relaxing)
 .literal.prvDeleteTCB
                0x0000000040080b88        0x8 /mnt/c/esp/sensor/laser_emitter/build/freertos/libfreertos.a(tasks.o)
                                         0x2c (size before relaxing)
 .literal.prvAddCurrentTaskToDelayedList
                0x0000000040080b90        0x4 /mnt/c/esp/sensor/laser_emitter/build/freertos/libfreertos.a(tasks.o)
                                         0x1c (size before relaxing)
 .literal.taskYIELD_OTHER_CORE
                0x0000000040080b94        0x0 /mnt/c/esp/sensor/laser_emitter/build/freertos/libfreertos.a(tasks.o)
                                         0x10 (size before relaxing)
 .literal.vTaskSuspendAll
                0x0000000040080b94        0x4 /mnt/c/esp/sensor/laser_emitter/build/freertos/libfreertos.a(tasks.o)
                                          0x8 (size before relaxing)
 .literal.xTaskGetTickCount
                0x0000000040080b98        0x0 /mnt/c/esp/sensor/laser_emitter/build/freertos/libfreertos.a(tasks.o)
                                          0x4 (size before relaxing)
 .literal.xTaskGetIdleTaskHandleForCPU
                0x0000000040080b98        0xc /mnt/c/esp/sensor/laser_emitter/build/freertos/libfreertos.a(tasks.o)
                                         0x1c (size before relaxing)
 .literal.vTaskSwitchContext
                0x0000000040080ba4       0x18 /mnt/c/esp/sensor/laser_emitter/build/freertos/libfreertos.a(tasks.o)
                                         0x3c (size before relaxing)
 .literal.vTaskSetTimeOutState
                0x0000000040080bbc        0xc /mnt/c/esp/sensor/laser_emitter/build/freertos/libfreertos.a(tasks.o)
                                         0x20 (size before relaxing)
 .literal.xTaskGetCurrentTaskHandle
                0x0000000040080bc8        0x0 /mnt/c/esp/sensor/laser_emitter/build/freertos/libfreertos.a(tasks.o)
                                          0x8 (size before relaxing)
 .literal.__getreent
                0x0000000040080bc8        0x0 /mnt/c/esp/sensor/laser_emitter/build/freertos/libfreertos.a(tasks.o)
                                          0x8 (size before relaxing)
 .literal.pcTaskGetTaskName
                0x0000000040080bc8        0x8 /mnt/c/esp/sensor/laser_emitter/build/freertos/libfreertos.a(tasks.o)
                                         0x1c (size before relaxing)
 .literal.xTaskGetAffinity
                0x0000000040080bd0        0x0 /mnt/c/esp/sensor/laser_emitter/build/freertos/libfreertos.a(tasks.o)
                                          0x4 (size before relaxing)
 .literal.xTaskGetCurrentTaskHandleForCPU
                0x0000000040080bd0        0x0 /mnt/c/esp/sensor/laser_emitter/build/freertos/libfreertos.a(tasks.o)
                                          0x4 (size before relaxing)
 .literal.xTaskGetSchedulerState
                0x0000000040080bd0        0x4 /mnt/c/esp/sensor/laser_emitter/build/freertos/libfreertos.a(tasks.o)
                                          0xc (size before relaxing)
 .literal.vTaskEnterCritical
                0x0000000040080bd4       0x14 /mnt/c/esp/sensor/laser_emitter/build/freertos/libfreertos.a(tasks.o)
                                         0x34 (size before relaxing)
 .literal.vTaskExitCritical
                0x0000000040080be8        0xc /mnt/c/esp/sensor/laser_emitter/build/freertos/libfreertos.a(tasks.o)
                                         0x28 (size before relaxing)
 .literal.prvAddNewTaskToReadyList
                0x0000000040080bf4       0x10 /mnt/c/esp/sensor/laser_emitter/build/freertos/libfreertos.a(tasks.o)
                                         0x58 (size before relaxing)
 .literal.xTaskCreatePinnedToCore
                0x0000000040080c04        0x0 /mnt/c/esp/sensor/laser_emitter/build/freertos/libfreertos.a(tasks.o)
                                         0x18 (size before relaxing)
 .literal.vTaskStartScheduler
                0x0000000040080c04       0x10 /mnt/c/esp/sensor/laser_emitter/build/freertos/libfreertos.a(tasks.o)
                                         0x3c (size before relaxing)
 .literal.vTaskDelete
                0x0000000040080c14        0x8 /mnt/c/esp/sensor/laser_emitter/build/freertos/libfreertos.a(tasks.o)
                                         0x60 (size before relaxing)
 .literal.vTaskDelay
                0x0000000040080c1c        0x4 /mnt/c/esp/sensor/laser_emitter/build/freertos/libfreertos.a(tasks.o)
                                         0x38 (size before relaxing)
 .literal.uxTaskPriorityGet
                0x0000000040080c20        0x0 /mnt/c/esp/sensor/laser_emitter/build/freertos/libfreertos.a(tasks.o)
                                         0x10 (size before relaxing)
 .literal.vTaskPrioritySet
                0x0000000040080c20        0x4 /mnt/c/esp/sensor/laser_emitter/build/freertos/libfreertos.a(tasks.o)
                                         0x44 (size before relaxing)
 .literal.prvCheckTasksWaitingTermination
                0x0000000040080c24        0x8 /mnt/c/esp/sensor/laser_emitter/build/freertos/libfreertos.a(tasks.o)
                                         0x30 (size before relaxing)
 .literal.prvIdleTask
                0x0000000040080c2c        0x0 /mnt/c/esp/sensor/laser_emitter/build/freertos/libfreertos.a(tasks.o)
                                          0x8 (size before relaxing)
 .literal.xTaskIncrementTick
                0x0000000040080c2c        0xc /mnt/c/esp/sensor/laser_emitter/build/freertos/libfreertos.a(tasks.o)
                                         0x6c (size before relaxing)
 .literal.xTaskResumeAll
                0x0000000040080c38        0x8 /mnt/c/esp/sensor/laser_emitter/build/freertos/libfreertos.a(tasks.o)
                                         0x5c (size before relaxing)
 .literal.vTaskPlaceOnEventList
                0x0000000040080c40        0x8 /mnt/c/esp/sensor/laser_emitter/build/freertos/libfreertos.a(tasks.o)
                                         0x40 (size before relaxing)
 .literal.vTaskPlaceOnEventListRestricted
                0x0000000040080c48        0x8 /mnt/c/esp/sensor/laser_emitter/build/freertos/libfreertos.a(tasks.o)
                                         0x38 (size before relaxing)
 .literal.xTaskRemoveFromEventList
                0x0000000040080c50        0x8 /mnt/c/esp/sensor/laser_emitter/build/freertos/libfreertos.a(tasks.o)
                                         0x58 (size before relaxing)
 .literal.xTaskCheckForTimeOut
                0x0000000040080c58        0xc /mnt/c/esp/sensor/laser_emitter/build/freertos/libfreertos.a(tasks.o)
                                         0x3c (size before relaxing)
 .literal.vTaskPriorityInherit
                0x0000000040080c64        0x0 /mnt/c/esp/sensor/laser_emitter/build/freertos/libfreertos.a(tasks.o)
                                         0x28 (size before relaxing)
 .literal.xTaskPriorityDisinherit
                0x0000000040080c64        0x8 /mnt/c/esp/sensor/laser_emitter/build/freertos/libfreertos.a(tasks.o)
                                         0x3c (size before relaxing)
 .literal.pvTaskIncrementMutexHeldCount
                0x0000000040080c6c        0x0 /mnt/c/esp/sensor/laser_emitter/build/freertos/libfreertos.a(tasks.o)
                                         0x10 (size before relaxing)
 .literal.prvGetNextExpireTime
                0x0000000040080c6c        0x4 /mnt/c/esp/sensor/laser_emitter/build/freertos/libfreertos.a(timers.o)
 .literal.prvInsertTimerInActiveList
                0x0000000040080c70        0x4 /mnt/c/esp/sensor/laser_emitter/build/freertos/libfreertos.a(timers.o)
                                         0x10 (size before relaxing)
 .literal.prvCheckForValidListAndQueue
                0x0000000040080c74       0x1c /mnt/c/esp/sensor/laser_emitter/build/freertos/libfreertos.a(timers.o)
                                         0x44 (size before relaxing)
 .literal.xTimerCreateTimerTask
                0x0000000040080c90        0xc /mnt/c/esp/sensor/laser_emitter/build/freertos/libfreertos.a(timers.o)
                                         0x2c (size before relaxing)
 .literal.xTimerGenericCommand
                0x0000000040080c9c        0x0 /mnt/c/esp/sensor/laser_emitter/build/freertos/libfreertos.a(timers.o)
                                         0x14 (size before relaxing)
 .literal.prvSwitchTimerLists
                0x0000000040080c9c        0x4 /mnt/c/esp/sensor/laser_emitter/build/freertos/libfreertos.a(timers.o)
                                         0x28 (size before relaxing)
 .literal.prvSampleTimeNow
                0x0000000040080ca0        0x4 /mnt/c/esp/sensor/laser_emitter/build/freertos/libfreertos.a(timers.o)
                                          0xc (size before relaxing)
 .literal.prvProcessExpiredTimer
                0x0000000040080ca4        0x4 /mnt/c/esp/sensor/laser_emitter/build/freertos/libfreertos.a(timers.o)
                                         0x24 (size before relaxing)
 .literal.prvProcessTimerOrBlockTask
                0x0000000040080ca8        0x0 /mnt/c/esp/sensor/laser_emitter/build/freertos/libfreertos.a(timers.o)
                                         0x24 (size before relaxing)
 .literal.prvProcessReceivedCommands
                0x0000000040080ca8        0x8 /mnt/c/esp/sensor/laser_emitter/build/freertos/libfreertos.a(timers.o)
                                         0x40 (size before relaxing)
 .literal.prvTimerTask
                0x0000000040080cb0        0x0 /mnt/c/esp/sensor/laser_emitter/build/freertos/libfreertos.a(timers.o)
                                          0xc (size before relaxing)
 .literal       0x0000000040080cb0        0x0 /mnt/c/esp/sensor/laser_emitter/build/freertos/libfreertos.a(xtensa_context.o)
                                         0x10 (size before relaxing)
 .literal       0x0000000040080cb0        0x8 /mnt/c/esp/sensor/laser_emitter/build/freertos/libfreertos.a(portasm.o)
                                         0x54 (size before relaxing)
 .literal.get_prev_free_block
                0x0000000040080cb8       0x10 /mnt/c/esp/sensor/laser_emitter/build/heap/libheap.a(multi_heap.o)
                                         0x28 (size before relaxing)
 .literal.split_if_necessary
                0x0000000040080cc8       0x10 /mnt/c/esp/sensor/laser_emitter/build/heap/libheap.a(multi_heap.o)
                                         0x50 (size before relaxing)
 .literal.assert_valid_block
                0x0000000040080cd8        0x0 /mnt/c/esp/sensor/laser_emitter/build/heap/libheap.a(multi_heap.o)
                                         0x2c (size before relaxing)
 .literal.merge_adjacent
                0x0000000040080cd8        0x8 /mnt/c/esp/sensor/laser_emitter/build/heap/libheap.a(multi_heap.o)
                                         0x4c (size before relaxing)
 .literal.multi_heap_get_allocated_size_impl
                0x0000000040080ce0        0x0 /mnt/c/esp/sensor/laser_emitter/build/heap/libheap.a(multi_heap.o)
                                         0x10 (size before relaxing)
 .literal.multi_heap_malloc_impl
                0x0000000040080ce0        0x0 /mnt/c/esp/sensor/laser_emitter/build/heap/libheap.a(multi_heap.o)
                                         0x28 (size before relaxing)
 .literal.multi_heap_free_impl
                0x0000000040080ce0        0x0 /mnt/c/esp/sensor/laser_emitter/build/heap/libheap.a(multi_heap.o)
                                         0x50 (size before relaxing)
 .literal.multi_heap_realloc_impl
                0x0000000040080ce0        0xc /mnt/c/esp/sensor/laser_emitter/build/heap/libheap.a(multi_heap.o)
                                         0x68 (size before relaxing)
 .literal       0x0000000040080cec       0x10 /home/soosang/esp/esp-idf/components/newlib/lib/libm.a(lib_a-s_fpclassify.o)
                                         0x18 (size before relaxing)
 .iram1.21      0x0000000040080cfc       0xc9 /mnt/c/esp/sensor/laser_emitter/build/esp32/libesp32.a(cpu_start.o)
                                        0x125 (size before relaxing)
                0x0000000040080cfc                start_cpu0
                0x0000000040080cfc                start_cpu0_default
 *fill*         0x0000000040080dc5        0x3 
 .iram1.23      0x0000000040080dc8       0x32 /mnt/c/esp/sensor/laser_emitter/build/esp32/libesp32.a(cpu_start.o)
                                         0x46 (size before relaxing)
                0x0000000040080dc8                start_cpu1_default
                0x0000000040080dc8                start_cpu1
 *fill*         0x0000000040080dfa        0x2 
 .iram1.25      0x0000000040080dfc       0x4c /mnt/c/esp/sensor/laser_emitter/build/esp32/libesp32.a(cpu_start.o)
                                         0x58 (size before relaxing)
 .iram1.24      0x0000000040080e48      0x1b6 /mnt/c/esp/sensor/laser_emitter/build/esp32/libesp32.a(cpu_start.o)
                                        0x212 (size before relaxing)
                0x0000000040080e48                call_start_cpu0
 *fill*         0x0000000040080ffe        0x2 
 .iram1.17      0x0000000040081000       0x52 /mnt/c/esp/sensor/laser_emitter/build/esp32/libesp32.a(crosscore_int.o)
                                         0x5a (size before relaxing)
 *fill*         0x0000000040081052        0x2 
 .iram1.16      0x0000000040081054       0x44 /mnt/c/esp/sensor/laser_emitter/build/esp32/libesp32.a(crosscore_int.o)
                                         0x4c (size before relaxing)
 .iram1.18      0x0000000040081098        0xf /mnt/c/esp/sensor/laser_emitter/build/esp32/libesp32.a(crosscore_int.o)
                0x0000000040081098                esp_crosscore_int_send_yield
 *fill*         0x00000000400810a7        0x1 
 .iram1.4       0x00000000400810a8       0x10 /mnt/c/esp/sensor/laser_emitter/build/esp32/libesp32.a(clk.o)
                0x00000000400810a8                esp_clk_cpu_freq
 .iram1.5       0x00000000400810b8       0x15 /mnt/c/esp/sensor/laser_emitter/build/esp32/libesp32.a(clk.o)
                0x00000000400810b8                esp_clk_apb_freq
 *fill*         0x00000000400810cd        0x3 
 .iram1.7       0x00000000400810d0        0xf /mnt/c/esp/sensor/laser_emitter/build/esp32/libesp32.a(clk.o)
                0x00000000400810d0                ets_update_cpu_frequency
 *fill*         0x00000000400810df        0x1 
 .iram1.13      0x00000000400810e0       0x2c /mnt/c/esp/sensor/laser_emitter/build/esp32/libesp32.a(cache_err_int.o)
                                         0x34 (size before relaxing)
                0x00000000400810e0                esp_cache_err_get_cpuid
 .iram1.11      0x000000004008110c       0x39 /mnt/c/esp/sensor/laser_emitter/build/esp32/libesp32.a(intr_alloc.o)
                                         0x3c (size before relaxing)
 *fill*         0x0000000040081145        0x3 
 .iram1.13      0x0000000040081148       0x85 /mnt/c/esp/sensor/laser_emitter/build/esp32/libesp32.a(intr_alloc.o)
                                         0x89 (size before relaxing)
                0x0000000040081148                esp_intr_enable
 *fill*         0x00000000400811cd        0x3 
 .iram1.14      0x00000000400811d0       0xc5 /mnt/c/esp/sensor/laser_emitter/build/esp32/libesp32.a(intr_alloc.o)
                                         0xcd (size before relaxing)
                0x00000000400811d0                esp_intr_disable
 *fill*         0x0000000040081295        0x3 
 .iram1.15      0x0000000040081298       0x4c /mnt/c/esp/sensor/laser_emitter/build/esp32/libesp32.a(intr_alloc.o)
                                         0x50 (size before relaxing)
                0x0000000040081298                esp_intr_noniram_disable
 .iram1.16      0x00000000400812e4       0x3e /mnt/c/esp/sensor/laser_emitter/build/esp32/libesp32.a(intr_alloc.o)
                0x00000000400812e4                esp_intr_noniram_enable
 *fill*         0x0000000040081322        0x2 
 .iram1.20      0x0000000040081324       0x11 /mnt/c/esp/sensor/laser_emitter/build/esp32/libesp32.a(esp_timer.o)
 *fill*         0x0000000040081335        0x3 
 .iram1.17      0x0000000040081338        0xb /mnt/c/esp/sensor/laser_emitter/build/esp32/libesp32.a(esp_timer.o)
                                          0xe (size before relaxing)
 *fill*         0x0000000040081343        0x1 
 .iram1.18      0x0000000040081344        0xb /mnt/c/esp/sensor/laser_emitter/build/esp32/libesp32.a(esp_timer.o)
                                          0xe (size before relaxing)
 *fill*         0x000000004008134f        0x1 
 .iram1.14      0x0000000040081350       0x97 /mnt/c/esp/sensor/laser_emitter/build/esp32/libesp32.a(esp_timer.o)
                                         0x9e (size before relaxing)
 *fill*         0x00000000400813e7        0x1 
 .iram1.19      0x00000000400813e8       0x1c /mnt/c/esp/sensor/laser_emitter/build/esp32/libesp32.a(esp_timer.o)
                                         0x20 (size before relaxing)
 .iram1.22      0x0000000040081404        0xf /mnt/c/esp/sensor/laser_emitter/build/esp32/libesp32.a(esp_timer.o)
                0x0000000040081404                esp_timer_get_time
 *fill*         0x0000000040081413        0x1 
 .iram1.15      0x0000000040081414       0xb0 /mnt/c/esp/sensor/laser_emitter/build/esp32/libesp32.a(dport_access.o)
                0x0000000040081414                esp_dport_access_stall_other_cpu_start
 .iram1.16      0x00000000400814c4       0x7c /mnt/c/esp/sensor/laser_emitter/build/esp32/libesp32.a(dport_access.o)
                                         0x80 (size before relaxing)
                0x00000000400814c4                esp_dport_access_stall_other_cpu_end
 .iram1.19      0x0000000040081540       0x23 /mnt/c/esp/sensor/laser_emitter/build/esp32/libesp32.a(dport_access.o)
                                         0x27 (size before relaxing)
                0x0000000040081540                esp_dport_access_int_pause
 *fill*         0x0000000040081563        0x1 
 .iram1.20      0x0000000040081564       0x14 /mnt/c/esp/sensor/laser_emitter/build/esp32/libesp32.a(dport_access.o)
                0x0000000040081564                esp_dport_access_int_abort
 .iram1.23      0x0000000040081578       0x15 /mnt/c/esp/sensor/laser_emitter/build/esp32/libesp32.a(dport_access.o)
                0x0000000040081578                esp_dport_access_reg_read
 *fill*         0x000000004008158d        0x3 
 .iram1.24      0x0000000040081590        0xc /mnt/c/esp/sensor/laser_emitter/build/esp32/libesp32.a(dport_access.o)
                0x0000000040081590                esp_dport_access_sequence_reg_read
 .iram1.22      0x000000004008159c      0x173 /mnt/c/esp/sensor/laser_emitter/build/esp32/libesp32.a(system_api.o)
                                        0x1bf (size before relaxing)
                0x000000004008159c                esp_restart_noos
 *fill*         0x000000004008170f        0x1 
 .iram1.14      0x0000000040081710       0x53 /mnt/c/esp/sensor/laser_emitter/build/esp32/libesp32.a(int_wdt.o)
 *fill*         0x0000000040081763        0x1 
 .iram1         0x0000000040081764       0xda /mnt/c/esp/sensor/laser_emitter/build/esp32/libesp32.a(dport_panic_highint_hdl.o)
                0x0000000040081764                xt_highint4
                0x000000004008183e                ld_include_panic_highint_hdl
 *fill*         0x000000004008183e        0x2 
 .iram1.15      0x0000000040081840      0x122 /mnt/c/esp/sensor/laser_emitter/build/esp32/libesp32.a(esp_timer_esp32.o)
                                        0x126 (size before relaxing)
 *fill*         0x0000000040081962        0x2 
 .iram1.13      0x0000000040081964      0x16e /mnt/c/esp/sensor/laser_emitter/build/esp32/libesp32.a(esp_timer_esp32.o)
                0x0000000040081964                esp_timer_impl_get_time
 *fill*         0x0000000040081ad2        0x2 
 .iram1.14      0x0000000040081ad4      0x148 /mnt/c/esp/sensor/laser_emitter/build/esp32/libesp32.a(esp_timer_esp32.o)
                                        0x14b (size before relaxing)
                0x0000000040081ad4                esp_timer_impl_set_alarm
 *fill*         0x0000000040081c1c        0x0 
 .iram1.10      0x0000000040081c1c       0x27 /mnt/c/esp/sensor/laser_emitter/build/esp32/libesp32.a(freertos_hooks.o)
                0x0000000040081c1c                esp_vApplicationTickHook
 *fill*         0x0000000040081c43        0x1 
 .iram1.11      0x0000000040081c44       0x7f /mnt/c/esp/sensor/laser_emitter/build/esp32/libesp32.a(ipc.o)
                                         0x8b (size before relaxing)
 *fill*         0x0000000040081cc3        0x1 
 .iram1.11      0x0000000040081cc4       0x1a /mnt/c/esp/sensor/laser_emitter/build/freertos/libfreertos.a(port.o)
                0x0000000040081cc4                xPortInterruptedFromISRContext
 *fill*         0x0000000040081cde        0x2 
 .iram1         0x0000000040081ce0      0x4b4 /mnt/c/esp/sensor/laser_emitter/build/freertos/libfreertos.a(xtensa_vectors.o)
                0x0000000040081ce0                _xt_panic
                0x0000000040081df8                _xt_user_exit
                0x00000000400820e4                _xt_medint2_exit
                0x0000000040082180                _xt_medint3_exit
 .iram1.18      0x0000000040082194       0x28 /mnt/c/esp/sensor/laser_emitter/build/heap/libheap.a(heap_caps.o)
 .iram1.11      0x00000000400821bc       0x65 /mnt/c/esp/sensor/laser_emitter/build/heap/libheap.a(heap_caps.o)
                                         0x74 (size before relaxing)
 *fill*         0x0000000040082221        0x3 
 .iram1.12      0x0000000040082224       0xa4 /mnt/c/esp/sensor/laser_emitter/build/heap/libheap.a(heap_caps.o)
                                         0xa8 (size before relaxing)
                0x0000000040082224                heap_caps_malloc
 .iram1.13      0x00000000400822c8       0x49 /mnt/c/esp/sensor/laser_emitter/build/heap/libheap.a(heap_caps.o)
                                         0x4d (size before relaxing)
                0x00000000400822c8                heap_caps_malloc_default
 *fill*         0x0000000040082311        0x3 
 .iram1.19      0x0000000040082314       0x37 /mnt/c/esp/sensor/laser_emitter/build/heap/libheap.a(heap_caps.o)
                                         0x3e (size before relaxing)
                0x0000000040082314                heap_caps_free
 *fill*         0x000000004008234b        0x1 
 .iram1.20      0x000000004008234c       0xad /mnt/c/esp/sensor/laser_emitter/build/heap/libheap.a(heap_caps.o)
                                         0xc1 (size before relaxing)
                0x000000004008234c                heap_caps_realloc
 *fill*         0x00000000400823f9        0x3 
 .iram1.14      0x00000000400823fc       0x59 /mnt/c/esp/sensor/laser_emitter/build/heap/libheap.a(heap_caps.o)
                                         0x61 (size before relaxing)
                0x00000000400823fc                heap_caps_realloc_default
 *fill*         0x0000000040082455        0x3 
 .iram1.11      0x0000000040082458      0x12e /mnt/c/esp/sensor/laser_emitter/build/log/liblog.a(log.o)
                                        0x136 (size before relaxing)
                0x0000000040082458                esp_log_write
 *fill*         0x0000000040082586        0x2 
 .iram1.12      0x0000000040082588       0x1c /mnt/c/esp/sensor/laser_emitter/build/log/liblog.a(log.o)
                                         0x1f (size before relaxing)
                0x0000000040082588                esp_log_early_timestamp
 *fill*         0x00000000400825a4        0x0 
 .iram1.13      0x00000000400825a4       0x3f /mnt/c/esp/sensor/laser_emitter/build/log/liblog.a(log.o)
                                         0x47 (size before relaxing)
                0x00000000400825a4                esp_log_timestamp
 *fill*         0x00000000400825e3        0x1 
 .iram1.12      0x00000000400825e4       0x46 /mnt/c/esp/sensor/laser_emitter/build/newlib/libnewlib.a(time.o)
                                         0x4a (size before relaxing)
                0x00000000400825e4                _gettimeofday_r
 *fill*         0x000000004008262a        0x2 
 .iram1.11      0x000000004008262c       0x28 /mnt/c/esp/sensor/laser_emitter/build/newlib/libnewlib.a(time.o)
                                         0x2c (size before relaxing)
                0x000000004008262c                _times_r
 .iram1.0       0x0000000040082654       0x3c /mnt/c/esp/sensor/laser_emitter/build/newlib/libnewlib.a(reent_init.o)
                0x0000000040082654                esp_reent_init
 .iram1.10      0x0000000040082690        0xc /mnt/c/esp/sensor/laser_emitter/build/newlib/libnewlib.a(syscalls.o)
                                         0x10 (size before relaxing)
                0x0000000040082690                _malloc_r
 .iram1.11      0x000000004008269c        0xa /mnt/c/esp/sensor/laser_emitter/build/newlib/libnewlib.a(syscalls.o)
                                          0xe (size before relaxing)
                0x000000004008269c                _free_r
 *fill*         0x00000000400826a6        0x2 
 .iram1.12      0x00000000400826a8       0x11 /mnt/c/esp/sensor/laser_emitter/build/newlib/libnewlib.a(syscalls.o)
                0x00000000400826a8                _realloc_r
 *fill*         0x00000000400826b9        0x3 
 .iram1.13      0x00000000400826bc       0x2c /mnt/c/esp/sensor/laser_emitter/build/newlib/libnewlib.a(syscalls.o)
                0x00000000400826bc                _calloc_r
 .iram1.11      0x00000000400826e8       0x34 /mnt/c/esp/sensor/laser_emitter/build/newlib/libnewlib.a(locks.o)
                                         0x43 (size before relaxing)
 *fill*         0x000000004008271c        0x0 
 .iram1.15      0x000000004008271c       0x98 /mnt/c/esp/sensor/laser_emitter/build/newlib/libnewlib.a(locks.o)
                                         0xb4 (size before relaxing)
 .iram1.20      0x00000000400827b4       0x4a /mnt/c/esp/sensor/laser_emitter/build/newlib/libnewlib.a(locks.o)
                                         0x56 (size before relaxing)
 *fill*         0x00000000400827fe        0x2 
 .iram1.12      0x0000000040082800       0x13 /mnt/c/esp/sensor/laser_emitter/build/newlib/libnewlib.a(locks.o)
                0x0000000040082800                _lock_init
 *fill*         0x0000000040082813        0x1 
 .iram1.13      0x0000000040082814       0x13 /mnt/c/esp/sensor/laser_emitter/build/newlib/libnewlib.a(locks.o)
                0x0000000040082814                _lock_init_recursive
 *fill*         0x0000000040082827        0x1 
 .iram1.14      0x0000000040082828       0x3b /mnt/c/esp/sensor/laser_emitter/build/newlib/libnewlib.a(locks.o)
                                         0x4b (size before relaxing)
                0x0000000040082828                _lock_close_recursive
                0x0000000040082828                _lock_close
 *fill*         0x0000000040082863        0x1 
 .iram1.16      0x0000000040082864        0xe /mnt/c/esp/sensor/laser_emitter/build/newlib/libnewlib.a(locks.o)
                                         0x12 (size before relaxing)
                0x0000000040082864                _lock_acquire
 *fill*         0x0000000040082872        0x2 
 .iram1.17      0x0000000040082874        0xe /mnt/c/esp/sensor/laser_emitter/build/newlib/libnewlib.a(locks.o)
                                         0x12 (size before relaxing)
                0x0000000040082874                _lock_acquire_recursive
 *fill*         0x0000000040082882        0x2 
 .iram1.18      0x0000000040082884       0x10 /mnt/c/esp/sensor/laser_emitter/build/newlib/libnewlib.a(locks.o)
                                         0x14 (size before relaxing)
                0x0000000040082884                _lock_try_acquire
 .iram1.19      0x0000000040082894       0x10 /mnt/c/esp/sensor/laser_emitter/build/newlib/libnewlib.a(locks.o)
                                         0x14 (size before relaxing)
                0x0000000040082894                _lock_try_acquire_recursive
 .iram1.21      0x00000000400828a4        0xf /mnt/c/esp/sensor/laser_emitter/build/newlib/libnewlib.a(locks.o)
                0x00000000400828a4                _lock_release
 *fill*         0x00000000400828b3        0x1 
 .iram1.22      0x00000000400828b4        0xf /mnt/c/esp/sensor/laser_emitter/build/newlib/libnewlib.a(locks.o)
                0x00000000400828b4                _lock_release_recursive
 *fill*         0x00000000400828c3        0x1 
 .iram1.0       0x00000000400828c4       0x92 /mnt/c/esp/sensor/laser_emitter/build/soc/libsoc.a(cpu_util.o)
                0x00000000400828c4                esp_cpu_stall
 *fill*         0x0000000040082956        0x2 
 .iram1.1       0x0000000040082958       0x54 /mnt/c/esp/sensor/laser_emitter/build/soc/libsoc.a(cpu_util.o)
                0x0000000040082958                esp_cpu_unstall
 .iram1.2       0x00000000400829ac       0x21 /mnt/c/esp/sensor/laser_emitter/build/soc/libsoc.a(cpu_util.o)
                0x00000000400829ac                esp_cpu_reset
 *fill*         0x00000000400829cd        0x3 
 .iram1.3       0x00000000400829d0        0xe /mnt/c/esp/sensor/laser_emitter/build/soc/libsoc.a(cpu_util.o)
                0x00000000400829d0                esp_cpu_in_ocd_debug_mode
 *fill*         0x00000000400829de        0x2 
 .iram1.28      0x00000000400829e0       0x64 /mnt/c/esp/sensor/laser_emitter/build/spi_flash/libspi_flash.a(cache_utils.o)
                                         0x6c (size before relaxing)
 .iram1.22      0x0000000040082a44       0x43 /mnt/c/esp/sensor/laser_emitter/build/spi_flash/libspi_flash.a(cache_utils.o)
                                         0x4f (size before relaxing)
                0x0000000040082a44                spi_flash_op_block_func
 *fill*         0x0000000040082a87        0x1 
 .iram1.27      0x0000000040082a88       0x66 /mnt/c/esp/sensor/laser_emitter/build/spi_flash/libspi_flash.a(cache_utils.o)
                                         0x6e (size before relaxing)
 *fill*         0x0000000040082aee        0x2 
 .iram1.23      0x0000000040082af0       0xde /mnt/c/esp/sensor/laser_emitter/build/spi_flash/libspi_flash.a(cache_utils.o)
                                        0x10a (size before relaxing)
                0x0000000040082af0                spi_flash_disable_interrupts_caches_and_other_cpu
 *fill*         0x0000000040082bce        0x2 
 .iram1.24      0x0000000040082bd0       0x8e /mnt/c/esp/sensor/laser_emitter/build/spi_flash/libspi_flash.a(cache_utils.o)
                                         0xa6 (size before relaxing)
                0x0000000040082bd0                spi_flash_enable_interrupts_caches_and_other_cpu
 *fill*         0x0000000040082c5e        0x2 
 .iram1.29      0x0000000040082c60       0x24 /mnt/c/esp/sensor/laser_emitter/build/spi_flash/libspi_flash.a(cache_utils.o)
                                         0x28 (size before relaxing)
                0x0000000040082c60                spi_flash_cache_enabled
 .iram1.22      0x0000000040082c84        0xa /mnt/c/esp/sensor/laser_emitter/build/spi_flash/libspi_flash.a(flash_ops.o)
                0x0000000040082c84                spi_flash_guard_set
 *fill*         0x0000000040082c8e        0x2 
 .iram1.22      0x0000000040082c90       0x24 /mnt/c/esp/sensor/laser_emitter/build/spi_flash/libspi_flash.a(flash_mmap.o)
 .iram1.21      0x0000000040082cb4       0x83 /mnt/c/esp/sensor/laser_emitter/build/spi_flash/libspi_flash.a(flash_mmap.o)
                                         0x87 (size before relaxing)
 *fill*         0x0000000040082d37        0x1 
 .iram1.27      0x0000000040082d38       0x17 /mnt/c/esp/sensor/laser_emitter/build/spi_flash/libspi_flash.a(flash_mmap.o)
                                         0x1f (size before relaxing)
 *fill*         0x0000000040082d4f        0x1 
 .iram1.30      0x0000000040082d50       0x82 /mnt/c/esp/sensor/laser_emitter/build/spi_flash/libspi_flash.a(flash_mmap.o)
                                         0x8e (size before relaxing)
 *fill*         0x0000000040082dd2        0x2 
 .iram1.24      0x0000000040082dd4      0x246 /mnt/c/esp/sensor/laser_emitter/build/spi_flash/libspi_flash.a(flash_mmap.o)
                                        0x266 (size before relaxing)
                0x0000000040082dd4                spi_flash_mmap_pages
 *fill*         0x000000004008301a        0x2 
 .iram1.23      0x000000004008301c       0x71 /mnt/c/esp/sensor/laser_emitter/build/spi_flash/libspi_flash.a(flash_mmap.o)
                0x000000004008301c                spi_flash_mmap
 *fill*         0x000000004008308d        0x3 
 .iram1.25      0x0000000040083090       0xa2 /mnt/c/esp/sensor/laser_emitter/build/spi_flash/libspi_flash.a(flash_mmap.o)
                                         0xa6 (size before relaxing)
                0x0000000040083090                spi_flash_munmap
 *fill*         0x0000000040083132        0x0 
 *fill*         0x0000000040083132        0x0 
 *fill*         0x0000000040083132        0x0 
 *fill*         0x0000000040083132        0x0 
 *fill*         0x0000000040083132        0x0 
 *fill*         0x0000000040083132        0x0 
 *fill*         0x0000000040083132        0x0 
 *fill*         0x0000000040083132        0x0 
 *fill*         0x0000000040083132        0x0 
 *fill*         0x0000000040083132        0x0 
 *fill*         0x0000000040083132        0x0 
 *fill*         0x0000000040083132        0x0 
 *fill*         0x0000000040083132        0x0 
 *fill*         0x0000000040083132        0x0 
 *fill*         0x0000000040083132        0x0 
 *fill*         0x0000000040083132        0x0 
 *fill*         0x0000000040083132        0x0 
 *fill*         0x0000000040083132        0x0 
 *fill*         0x0000000040083132        0x0 
 *fill*         0x0000000040083132        0x2 
 .iram1.0       0x0000000040083134       0x20 /mnt/c/esp/sensor/laser_emitter/build/esp32/libesp32.a(dbg_stubs.o)
 *fill*         0x0000000040083154        0x0 
 *fill*         0x0000000040083154        0x0 
 *fill*         0x0000000040083154        0x0 
 *fill*         0x0000000040083154        0x0 
 *fill*         0x0000000040083154        0x0 
 *fill*         0x0000000040083154        0x0 
 .iram1         0x0000000040083154       0x2e /mnt/c/esp/sensor/laser_emitter/build/freertos/libfreertos.a(xtensa_vector_defaults.o)
                0x0000000040083154                xt_debugexception
                0x0000000040083174                xt_highint5
                0x000000004008317c                _xt_nmi
                0x000000004008317c                xt_nmi
 *fill*         0x0000000040083182        0x0 
 *fill*         0x0000000040083182        0x0 
 *fill*         0x0000000040083182        0x0 
 *fill*         0x0000000040083182        0x0 
 *fill*         0x0000000040083182        0x0 
 *fill*         0x0000000040083182        0x0 
 *fill*         0x0000000040083182        0x0 
 *fill*         0x0000000040083182        0x0 
 *fill*         0x0000000040083182        0x0 
 *fill*         0x0000000040083182        0x0 
 *fill*         0x0000000040083182        0x0 
 *fill*         0x0000000040083182        0x0 
 *fill*         0x0000000040083182        0x0 
 *fill*         0x0000000040083182        0x0 
 *fill*         0x0000000040083182        0x0 
 *fill*         0x0000000040083182        0x0 
 *fill*         0x0000000040083182        0x0 
 *fill*         0x0000000040083182        0x0 
 *fill*         0x0000000040083182        0x0 
 *fill*         0x0000000040083182        0x0 
 *fill*         0x0000000040083182        0x0 
 *fill*         0x0000000040083182        0x0 
 *fill*         0x0000000040083182        0x0 
 *fill*         0x0000000040083182        0x0 
 *fill*         0x0000000040083182        0x0 
 *fill*         0x0000000040083182        0x0 
 *fill*         0x0000000040083182        0x0 
 *fill*         0x0000000040083182        0x0 
 *fill*         0x0000000040083182        0x0 
 *fill*         0x0000000040083182        0x0 
 *fill*         0x0000000040083182        0x0 
 *fill*         0x0000000040083182        0x0 
 *fill*         0x0000000040083182        0x0 
 *libspi_flash.a:spi_flash_rom_patch.*(.literal .literal.* .text .text.*)
 *libesp_ringbuf.a:(.literal .literal.* .text .text.*)
 *fill*         0x0000000040083182        0x2 
 .text.prvGetFreeSize
                0x0000000040083184       0x3c /mnt/c/esp/sensor/laser_emitter/build/esp_ringbuf/libesp_ringbuf.a(ringbuf.o)
                                         0x40 (size before relaxing)
 .text.prvReceiveGeneric
                0x00000000400831c0      0x128 /mnt/c/esp/sensor/laser_emitter/build/esp_ringbuf/libesp_ringbuf.a(ringbuf.o)
                                        0x13c (size before relaxing)
 .text.xRingbufferSend
                0x00000000400832e8       0xfd /mnt/c/esp/sensor/laser_emitter/build/esp_ringbuf/libesp_ringbuf.a(ringbuf.o)
                                        0x111 (size before relaxing)
                0x00000000400832e8                xRingbufferSend
 *fill*         0x00000000400833e5        0x3 
 .text.xRingbufferReceive
                0x00000000400833e8       0x45 /mnt/c/esp/sensor/laser_emitter/build/esp_ringbuf/libesp_ringbuf.a(ringbuf.o)
                0x00000000400833e8                xRingbufferReceive
 *fill*         0x000000004008342d        0x3 
 .text.vRingbufferReturnItem
                0x0000000040083430       0x5a /mnt/c/esp/sensor/laser_emitter/build/esp_ringbuf/libesp_ringbuf.a(ringbuf.o)
                                         0x66 (size before relaxing)
                0x0000000040083430                vRingbufferReturnItem
 *fill*         0x000000004008348a        0x2 
 .text.prvCheckItemAvail
                0x000000004008348c       0x34 /mnt/c/esp/sensor/laser_emitter/build/esp_ringbuf/libesp_ringbuf.a(ringbuf.o)
 *fill*         0x00000000400834c0        0x0 
 *fill*         0x00000000400834c0        0x0 
 *libhal.a:(.literal .literal.* .text .text.*)
 .text          0x00000000400834c0      0x137 /home/soosang/esp/esp-idf/components/esp32/libhal.a(windowspill_asm.o)
                0x00000000400834c0                xthal_window_spill_nw
                0x00000000400834c0                xthal_spill_registers_into_stack_nw
                0x00000000400835d4                xthal_window_spill
 *fill*         0x00000000400835f7        0x1 
 .text          0x00000000400835f8        0x8 /home/soosang/esp/esp-idf/components/esp32/libhal.a(int_asm--set_intclear.o)
                0x00000000400835f8                xthal_set_intclear
 .text          0x0000000040083600       0x48 /home/soosang/esp/esp-idf/components/esp32/libhal.a(clock.o)
                0x0000000040083600                xthal_get_ccount
                0x0000000040083608                xthal_set_ccompare
                0x0000000040083628                xthal_get_ccompare
 *fill*         0x0000000040083648        0x0 
 .text          0x0000000040083648       0x3e /home/soosang/esp/esp-idf/components/esp32/libhal.a(state_asm--restore_extra_nw.o)
                0x0000000040083648                xthal_restore_extra_nw
 *fill*         0x0000000040083686        0x2 
 .text          0x0000000040083688       0x3e /home/soosang/esp/esp-idf/components/esp32/libhal.a(state_asm--save_extra_nw.o)
                0x0000000040083688                xthal_save_extra_nw
 *libapp_trace.a:(.literal .literal.* .text .text.*)
 *libesp32.a:core_dump.*(.literal .literal.* .text .text.*)
 *libesp32.a:panic.*(.literal .literal.* .text .text.*)
 *fill*         0x00000000400836c6        0x2 
 .text.panicPutChar
                0x00000000400836c8       0x1e /mnt/c/esp/sensor/laser_emitter/build/esp32/libesp32.a(panic.o)
 *fill*         0x00000000400836e6        0x2 
 .text.panicPutStr
                0x00000000400836e8       0x1a /mnt/c/esp/sensor/laser_emitter/build/esp32/libesp32.a(panic.o)
 *fill*         0x0000000040083702        0x2 
 .text.panicPutHex
                0x0000000040083704       0x2c /mnt/c/esp/sensor/laser_emitter/build/esp32/libesp32.a(panic.o)
                                         0x2f (size before relaxing)
 *fill*         0x0000000040083730        0x0 
 .text.panicPutDec
                0x0000000040083730       0x3c /mnt/c/esp/sensor/laser_emitter/build/esp32/libesp32.a(panic.o)
                                         0x46 (size before relaxing)
 *fill*         0x000000004008376c        0x0 
 .text.illegal_instruction_helper
                0x000000004008376c       0x57 /mnt/c/esp/sensor/laser_emitter/build/esp32/libesp32.a(panic.o)
                                         0x73 (size before relaxing)
 *fill*         0x00000000400837c3        0x1 
 .text.reconfigureAllWdts
                0x00000000400837c4       0xa8 /mnt/c/esp/sensor/laser_emitter/build/esp32/libesp32.a(panic.o)
 .text.putEntry
                0x000000004008386c       0x2b /mnt/c/esp/sensor/laser_emitter/build/esp32/libesp32.a(panic.o)
                                         0x37 (size before relaxing)
 *fill*         0x0000000040083897        0x1 
 .text.doBacktrace
                0x0000000040083898       0x71 /mnt/c/esp/sensor/laser_emitter/build/esp32/libesp32.a(panic.o)
                                         0x78 (size before relaxing)
 *fill*         0x0000000040083909        0x3 
 .text.invoke_abort
                0x000000004008390c       0x1d /mnt/c/esp/sensor/laser_emitter/build/esp32/libesp32.a(panic.o)
 *fill*         0x0000000040083929        0x3 
 .text.haltOtherCore
                0x000000004008392c       0x18 /mnt/c/esp/sensor/laser_emitter/build/esp32/libesp32.a(panic.o)
 .text.commonErrorHandler_dump
                0x0000000040083944       0xd6 /mnt/c/esp/sensor/laser_emitter/build/esp32/libesp32.a(panic.o)
                                        0x116 (size before relaxing)
 *fill*         0x0000000040083a1a        0x2 
 .text.esp_panic_dig_reset
                0x0000000040083a1c       0x32 /mnt/c/esp/sensor/laser_emitter/build/esp32/libesp32.a(panic.o)
                                         0x36 (size before relaxing)
 *fill*         0x0000000040083a4e        0x2 
 .text.commonErrorHandler
                0x0000000040083a50       0x70 /mnt/c/esp/sensor/laser_emitter/build/esp32/libesp32.a(panic.o)
                                         0x9a (size before relaxing)
 *fill*         0x0000000040083ac0        0x0 
 .text.esp_error_check_failed_print
                0x0000000040083ac0       0x56 /mnt/c/esp/sensor/laser_emitter/build/esp32/libesp32.a(panic.o)
                                         0x5e (size before relaxing)
 *fill*         0x0000000040083b16        0x2 
 .text.abort    0x0000000040083b18       0x38 /mnt/c/esp/sensor/laser_emitter/build/esp32/libesp32.a(panic.o)
                                         0x3e (size before relaxing)
                0x0000000040083b18                abort
 *fill*         0x0000000040083b50        0x0 
 .text.vApplicationStackOverflowHook
                0x0000000040083b50       0x17 /mnt/c/esp/sensor/laser_emitter/build/esp32/libesp32.a(panic.o)
                                         0x23 (size before relaxing)
                0x0000000040083b50                vApplicationStackOverflowHook
 *fill*         0x0000000040083b67        0x1 
 .text.panicHandler
                0x0000000040083b68      0x167 /mnt/c/esp/sensor/laser_emitter/build/esp32/libesp32.a(panic.o)
                                        0x19a (size before relaxing)
                0x0000000040083b68                panicHandler
 *fill*         0x0000000040083ccf        0x1 
 .text.xt_unhandled_exception
                0x0000000040083cd0       0x88 /mnt/c/esp/sensor/laser_emitter/build/esp32/libesp32.a(panic.o)
                                         0xb4 (size before relaxing)
                0x0000000040083cd0                xt_unhandled_exception
 .text._esp_error_check_failed
                0x0000000040083d58       0x16 /mnt/c/esp/sensor/laser_emitter/build/esp32/libesp32.a(panic.o)
                                         0x1e (size before relaxing)
                0x0000000040083d58                _esp_error_check_failed
 *fill*         0x0000000040083d6e        0x0 
 *fill*         0x0000000040083d6e        0x0 
 *fill*         0x0000000040083d6e        0x0 
 *fill*         0x0000000040083d6e        0x0 
 *fill*         0x0000000040083d6e        0x2 
 .text.setFirstBreakpoint